2026-06-20T18:03:58.0701245Z,Updating submodules.,5737dec4-c2ee-4020-a0a0-3687b48f55fd,0
2026-06-20T18:03:59.1635834Z,Preparing deployment for commit id '9cd93e53-e'.,df8e0753-468d-41f5-8ebf-4b721ecf4ab9,0
2026-06-20T18:03:59.5614148Z,PreDeployment: context.CleanOutputPath False,ce9c99a4-d242-4792-875d-e38e7736bd6c,0
2026-06-20T18:03:59.6990781Z,PreDeployment: context.OutputPath /home/site/wwwroot,acd10fd3-9477-46b8-b3cd-3c8b36e53513,0
2026-06-20T18:03:59.8574029Z,Repository path is /tmp/zipdeploy/extracted,653db180-1ba7-4a3a-83e3-9f2951f77e4d,0
2026-06-20T18:03:59.9770030Z,Running oryx build...,17ebb55f-7926-4054-9d2f-98adddae3736,0
	2026-06-20T18:04:00.0066451Z,Command: oryx build /tmp/zipdeploy/extracted -o /home/site/wwwroot --platform nodejs --platform-version 22 -p virtualenv_name= --log-file /tmp/build-debug.log  -i /tmp/8decef64dad332c -p compress_node_modules=tar-gz | tee /tmp/oryx-build.log,,0
	2026-06-20T18:04:04.2374647Z,Operation performed by Microsoft Oryx&comma; https://github.com/Microsoft/Oryx,,0
	2026-06-20T18:04:04.4563261Z,You can report issues at https://github.com/Microsoft/Oryx/issues,,0
	2026-06-20T18:04:04.5378556Z,,,0
	2026-06-20T18:04:04.5783707Z,Oryx Version: 0.2.20260513.1+5c94136d0d5c06204a00d688dc7aea902452e52c&comma; Commit: 5c94136d0d5c06204a00d688dc7aea902452e52c&comma; ReleaseTagName: 20260513.1,,0
	2026-06-20T18:04:04.5889861Z,,,0
	2026-06-20T18:04:04.7078043Z,Build Operation ID: c1cbd7a054817f6e,,0
	2026-06-20T18:04:04.8681481Z,Repository Commit : 9cd93e53-ea98-4f3b-81f4-8018aacb1287,,0
	2026-06-20T18:04:04.9592091Z,OS Type           : bookworm,,0
	2026-06-20T18:04:05.0389350Z,Image Type        : githubactions,,0
	2026-06-20T18:04:05.1785929Z,,,0
	2026-06-20T18:04:05.3402745Z,Primary SDK Storage URL: https://oryx-cdn.microsoft.io,,0
	2026-06-20T18:04:05.4201724Z,Backup SDK Storage URL: ,,0
	2026-06-20T18:04:05.5112685Z,ACR SDK Registry URL: (not set),,0
	2026-06-20T18:04:05.5893508Z,SDK provider status:,,0
	2026-06-20T18:04:05.6623780Z,  External ACR SDK provider: Enabled,,0
	2026-06-20T18:04:05.7604978Z,  External SDK provider: Enabled,,0
	2026-06-20T18:04:05.8786235Z,  Direct ACR SDK provider: Disabled,,0
	2026-06-20T18:04:05.9208273Z,  Blob SDK provider: Enabled,,0
	2026-06-20T18:04:06.0014475Z,External ACR SDK provider is enabled. Only using user-specified platform: nodejs,,0
	2026-06-20T18:04:06.0585077Z,Detecting platforms...,,0
	2026-06-20T18:04:07.9734926Z,External ACR provider resolved version '22.22.2' for nodejs.,,0
	2026-06-20T18:04:07.9932678Z,Version resolved using external ACR SDK provider.,,0
	2026-06-20T18:04:08.1551527Z,Detected following platforms:,,0
	2026-06-20T18:04:08.1928365Z,  nodejs: 22.22.2,,0
	2026-06-20T18:04:08.6032086Z,Detected the following frameworks: Typescript&comma;Express,,0
	2026-06-20T18:04:09.1555765Z,,,0
	2026-06-20T18:04:09.2557666Z,Using intermediate directory '/tmp/8decef64dad332c'.,,0
	2026-06-20T18:04:09.3038261Z,,,0
	2026-06-20T18:04:09.3258862Z,Copying files to the intermediate directory...,,0
	2026-06-20T18:04:28.2830231Z,Copying files to intermediate directory done in 19 sec(s).,,0
	2026-06-20T18:04:28.3626235Z,,,0
	2026-06-20T18:04:28.3851712Z,Source directory     : /tmp/8decef64dad332c,,0
	2026-06-20T18:04:28.5037749Z,Destination directory: /home/site/wwwroot,,0
	2026-06-20T18:04:28.5732609Z,,,0
	2026-06-20T18:04:29.2768908Z,Running build script snippets...,,0
	2026-06-20T18:04:29.3560699Z,Removing existing manifest file,,0
	2026-06-20T18:04:29.3781304Z,Creating directory for command manifest file if it does not exist,,0
	2026-06-20T18:04:29.4181446Z,Creating a manifest file...,,0
	2026-06-20T18:04:29.4762983Z,Node Build Command Manifest file created.,,0
	2026-06-20T18:04:29.5079026Z,,,0
	2026-06-20T18:04:29.5277887Z,Using Node version:,,0
	2026-06-20T18:04:29.5543367Z,v22.22.2,,0
	2026-06-20T18:04:29.5957175Z,,,0
	2026-06-20T18:04:29.6289279Z,Using Npm version:,,0
	2026-06-20T18:04:30.4640952Z,10.9.7,,0
	2026-06-20T18:04:30.5654544Z,,,0
	2026-06-20T18:04:30.5773867Z,Running 'npm install'...,,0
	2026-06-20T18:04:30.5947213Z,,,0
	2026-06-20T18:04:47.5478582Z,npm warn deprecated inflight@1.0.6: This module is not supported&comma; and leaks memory. Do not use it. Check out lru-cache if you want a good and tested way to coalesce async requests by a key value&comma; which is much more comprehensive and powerful.,,1
	2026-06-20T18:04:47.7754562Z,npm warn deprecated rimraf@2.7.1: Rimraf versions prior to v4 are no longer supported,,1
	2026-06-20T18:04:48.1564892Z,npm warn deprecated glob@7.2.3: Old versions of glob are not supported&comma; and contain widely publicized security vulnerabilities&comma; which have been fixed in the current version. Please update. Support for old versions may be purchased (at exorbitant rates) by contacting i@izs.me,,1
	2026-06-20T18:05:12.0974829Z,,,0
	2026-06-20T18:05:12.1270691Z,added 232 packages&comma; and audited 233 packages in 41s,,0
	2026-06-20T18:05:12.1969949Z,,,0
	2026-06-20T18:05:12.2274286Z,55 packages are looking for funding,,0
	2026-06-20T18:05:12.2765674Z,  run `npm fund` for details,,0
	2026-06-20T18:05:12.3068591Z,,,0
	2026-06-20T18:05:12.3569458Z,1 high severity vulnerability,,0
	2026-06-20T18:05:12.4052309Z,,,0
	2026-06-20T18:05:12.4350813Z,To address all issues&comma; run:,,0
	2026-06-20T18:05:12.4969007Z,  npm audit fix,,0
	2026-06-20T18:05:12.5260352Z,,,0
	2026-06-20T18:05:12.5559624Z,Run `npm audit` for details.,,0
	2026-06-20T18:05:12.5772861Z,,,0
	2026-06-20T18:05:12.5955217Z,Running 'npm run build'...,,0
	2026-06-20T18:05:12.6067961Z,,,0
	2026-06-20T18:05:14.3531595Z,,,0
	2026-06-20T18:05:14.3948514Z,> server@1.0.0 build,,0
	2026-06-20T18:05:14.4239009Z,> npm --prefix client install && npm --prefix client run build && tsc,,0
	2026-06-20T18:05:14.4857122Z,,,0
	2026-06-20T18:05:30.0754949Z,npm warn deprecated glob@11.1.0: Old versions of glob are not supported&comma; and contain widely publicized security vulnerabilities&comma; which have been fixed in the current version. Please update. Support for old versions may be purchased (at exorbitant rates) by contacting i@izs.me,,1
	2026-06-20T18:05:34.2992064Z,,,0
	2026-06-20T18:05:34.3587521Z,added 3 packages&comma; changed 22 packages&comma; and audited 458 packages in 19s,,0
	2026-06-20T18:05:34.3875427Z,,,0
	2026-06-20T18:05:34.4282582Z,134 packages are looking for funding,,0
	2026-06-20T18:05:34.4877396Z,  run `npm fund` for details,,0
	2026-06-20T18:05:34.5286786Z,,,0
	2026-06-20T18:05:34.5678496Z,2 vulnerabilities (1 moderate&comma; 1 high),,0
	2026-06-20T18:05:34.6101735Z,,,0
	2026-06-20T18:05:34.6288355Z,To address all issues&comma; run:,,0
	2026-06-20T18:05:34.6335302Z,  npm audit fix,,0
	2026-06-20T18:05:34.6500887Z,,,0
	2026-06-20T18:05:34.6707122Z,Run `npm audit` for details.,,0
	2026-06-20T18:05:35.3800801Z,,,0
	2026-06-20T18:05:35.4210887Z,> client@0.0.0 build,,0
	2026-06-20T18:05:35.4407401Z,> tsc -b && vite build,,0
	2026-06-20T18:05:35.4791836Z,,,0
	2026-06-20T18:06:20.8432342Z,vite v8.0.14 building client environment for production...,,0
	2026-06-20T18:06:20.9861589Z,[2K,,0
	2026-06-20T18:06:22.9307049Z,transforming...✓ 225 modules transformed.,,0
	2026-06-20T18:06:23.4426259Z,rendering chunks...,,0
	2026-06-20T18:06:25.1278311Z,computing gzip size...,,0
	2026-06-20T18:06:25.2654621Z,[33m[PLUGIN_TIMINGS] [0mYour build spent significant time in plugin `vite:css`. See https://rolldown.rs/options/checks#plugintimings for more details.,,1
	2026-06-20T18:06:25.2838396Z,dist/registerSW.js                     0.13 kB,,0
	2026-06-20T18:06:25.3037983Z,dist/manifest.webmanifest              0.35 kB,,0
	2026-06-20T18:06:25.3646689Z,,,1
	2026-06-20T18:06:25.3846737Z,dist/index.html                        0.85 kB │ gzip:   0.46 kB,,0
	2026-06-20T18:06:25.4046226Z,[plugin builtin:vite-reporter] ,,1
	2026-06-20T18:06:25.4366971Z,dist/assets/index-DANBqxSM.css         2.08 kB │ gzip:   0.88 kB,,0
	2026-06-20T18:06:25.4472840Z,(!) Some chunks are larger than 500 kB after minification. Consider:,,1
	2026-06-20T18:06:25.4950480Z,dist/assets/purify.es-6-uFcs4-.js     24.94 kB │ gzip:   9.78 kB,,0
	2026-06-20T18:06:25.4978385Z,- Using dynamic import() to code-split the application,,1
	2026-06-20T18:06:25.5669649Z,dist/assets/index.es-CIn3Bt77.js     151.38 kB │ gzip:  48.88 kB,,0
	2026-06-20T18:06:25.6041843Z,- Use build.rolldownOptions.output.codeSplitting to improve chunking: https://rolldown.rs/reference/OutputOptions.codeSplitting,,1
	2026-06-20T18:06:25.6750694Z,- Adjust chunk size limit for this warning via build.chunkSizeWarningLimit.,,1
	2026-06-20T18:06:25.7060151Z,dist/assets/html2canvas-DlVNV2Ay.js  199.56 kB │ gzip:  46.78 kB,,0
	2026-06-20T18:06:25.7749035Z,dist/assets/index-DofKGFzN.js        714.75 kB │ gzip: 222.82 kB,,0
	2026-06-20T18:06:25.8061570Z,,,0
	2026-06-20T18:06:25.8177104Z,✓ built in 4.43s,,0
	2026-06-20T18:06:44.1172261Z,PWA v1.3.0,,0
	2026-06-20T18:06:44.1774040Z,mode      generateSW,,0
	2026-06-20T18:06:44.2360000Z,precache  10 entries (1068.09 KiB),,0
	2026-06-20T18:06:44.2785738Z,files generated,,0
	2026-06-20T18:06:44.3290559Z,  dist/sw.js,,0
	2026-06-20T18:06:44.3674424Z,  dist/workbox-abeb32eb.js,,0
	2026-06-20T18:07:06.0058185Z,,,0
	2026-06-20T18:07:06.0372772Z,Zipping existing node_modules folder...,,0
	2026-06-20T18:07:40.7686770Z,Done in 34 sec(s).,,0
	2026-06-20T18:07:40.8172656Z,Build script snippets done in 192 sec(s).,,0
	2026-06-20T18:07:40.8679371Z,Preparing output...,,0
	2026-06-20T18:07:40.9089085Z,Using standard output preparation...,,0
	2026-06-20T18:07:40.9403660Z,,,0
	2026-06-20T18:07:40.9672395Z,Copying files to destination directory '/home/site/wwwroot'...,,0
	2026-06-20T18:08:39.1074912Z,Copying to destination directory done in 59 sec(s).,,0
	2026-06-20T18:08:39.1389535Z,Total time for destination directory preparation done in 59 sec(s).,,0
	2026-06-20T18:08:39.2193860Z,,,0
	2026-06-20T18:08:39.2490030Z,Removing existing manifest file,,0
	2026-06-20T18:08:39.2599671Z,Creating a manifest file...,,0
	2026-06-20T18:08:39.3490286Z,Manifest file created.,,0
	2026-06-20T18:08:39.3707895Z,Copying .ostype to manifest output directory.,,0
	2026-06-20T18:08:39.4930504Z,,,0
	2026-06-20T18:08:39.5129360Z,Total execution done in 270 sec(s).,,0
2026-06-20T18:08:40.2394672Z,Running post deployment command(s)...,d69a3f81-b3b8-462c-ac26-8768e82f5643,0
2026-06-20T18:08:40.4239472Z,,f359bdf8-6b4e-4238-8428-3b146a531d92,0
2026-06-20T18:08:40.5447506Z,Generating summary of Oryx build,7418d96d-456e-47d5-8e5d-d1a453074552,0
2026-06-20T18:08:40.6883183Z,Parsing the build logs,f9669247-0efb-4819-a31d-39c04c7ecaf2,0
2026-06-20T18:08:40.8503385Z,Found 0 issue(s),56498d1d-e5ae-4528-b81c-dd7fd3664a78,0
2026-06-20T18:08:40.9494095Z,,cd36fd97-a19e-44da-b34c-826581d903e9,0
2026-06-20T18:08:41.0308090Z,Build Summary :,e4ec613a-6ab5-4feb-93b3-353230a4438b,0
2026-06-20T18:08:41.1341112Z,===============,f2337305-24a3-4a13-812f-e16d4d08fe45,0
2026-06-20T18:08:41.2254668Z,Errors (0),e0a3d102-334f-4bfb-b1bb-a823f48cc08a,0
2026-06-20T18:08:41.3159894Z,Warnings (0),af123c2f-c230-43e8-8756-0732abcecdec,0
2026-06-20T18:08:41.4144528Z,,d1e4f74b-0096-433a-98b5-ab034ea9ef5a,0
2026-06-20T18:08:41.5181516Z,Triggering container recycle for OneDeploy by adding/updating restartTrigger.txt to the site root path,771eb2ef-dabf-40a6-b7a1-2ed8542f3b52,0
2026-06-20T18:08:41.7018877Z,Deployment successful. deployer = OneDeploy deploymentPath = OneDeploy,5c2a4eb6-387c-4e2b-8da6-785bc8bc2510,0
