2026-06-21T10:30:43.0461701Z,Updating submodules.,432a287f-4225-43d3-9417-f19647f43df9,0
2026-06-21T10:30:44.2043151Z,Preparing deployment for commit id 'defb94a1-8'.,a99d0217-c35a-4d44-b6b2-913ed3c31836,0
2026-06-21T10:30:44.5117770Z,PreDeployment: context.CleanOutputPath False,0904bbc4-962a-47d5-855c-7a309c3e3ab1,0
2026-06-21T10:30:44.6287676Z,PreDeployment: context.OutputPath /home/site/wwwroot,163a1e57-c386-4f33-9ad8-d235b3d9767c,0
2026-06-21T10:30:44.7518507Z,Repository path is /tmp/zipdeploy/extracted,b7dbcca1-b915-4c54-b542-67d1d6ebae6d,0
2026-06-21T10:30:44.8686226Z,Running oryx build...,41a2ef07-19d7-4905-a1e3-60353af027a5,0
	2026-06-21T10:30:44.8906286Z,Command: oryx build /tmp/zipdeploy/extracted -o /home/site/wwwroot --platform nodejs --platform-version 22 -p virtualenv_name= --log-file /tmp/build-debug.log  -i /tmp/8decf80269dcb22 -p compress_node_modules=tar-gz | tee /tmp/oryx-build.log,,0
	2026-06-21T10:30:47.0443356Z,Operation performed by Microsoft Oryx&comma; https://github.com/Microsoft/Oryx,,0
	2026-06-21T10:30:47.0769557Z,You can report issues at https://github.com/Microsoft/Oryx/issues,,0
	2026-06-21T10:30:47.0950351Z,,,0
	2026-06-21T10:30:47.1041387Z,Oryx Version: 0.2.20260513.1+5c94136d0d5c06204a00d688dc7aea902452e52c&comma; Commit: 5c94136d0d5c06204a00d688dc7aea902452e52c&comma; ReleaseTagName: 20260513.1,,0
	2026-06-21T10:30:47.1370700Z,,,0
	2026-06-21T10:30:47.1741768Z,Build Operation ID: 8ff4c5be67fc3b33,,0
	2026-06-21T10:30:47.2167554Z,Repository Commit : defb94a1-8cb7-465e-9dc3-358e35202946,,0
	2026-06-21T10:30:47.2953155Z,OS Type           : bookworm,,0
	2026-06-21T10:30:47.3271387Z,Image Type        : githubactions,,0
	2026-06-21T10:30:47.3654633Z,,,0
	2026-06-21T10:30:47.3767031Z,Primary SDK Storage URL: https://oryx-cdn.microsoft.io,,0
	2026-06-21T10:30:47.4278536Z,Backup SDK Storage URL: ,,0
	2026-06-21T10:30:47.4673796Z,ACR SDK Registry URL: (not set),,0
	2026-06-21T10:30:47.5465341Z,SDK provider status:,,0
	2026-06-21T10:30:47.5780019Z,  External ACR SDK provider: Enabled,,0
	2026-06-21T10:30:47.6078694Z,  External SDK provider: Enabled,,0
	2026-06-21T10:30:47.6475939Z,  Direct ACR SDK provider: Disabled,,0
	2026-06-21T10:30:47.6958604Z,  Blob SDK provider: Enabled,,0
	2026-06-21T10:30:47.7242170Z,External ACR SDK provider is enabled. Only using user-specified platform: nodejs,,0
	2026-06-21T10:30:47.7633003Z,Detecting platforms...,,0
	2026-06-21T10:30:49.6748120Z,External ACR provider resolved version '22.22.2' for nodejs.,,0
	2026-06-21T10:30:49.7159874Z,Version resolved using external ACR SDK provider.,,0
	2026-06-21T10:30:49.9156424Z,Detected following platforms:,,0
	2026-06-21T10:30:49.9566357Z,  nodejs: 22.22.2,,0
	2026-06-21T10:30:50.2612515Z,Detected the following frameworks: Typescript&comma;Express,,0
	2026-06-21T10:30:50.7033879Z,,,0
	2026-06-21T10:30:50.9761860Z,Using intermediate directory '/tmp/8decf80269dcb22'.,,0
	2026-06-21T10:30:51.0353579Z,,,0
	2026-06-21T10:30:51.0561567Z,Copying files to the intermediate directory...,,0
	2026-06-21T10:31:13.3229332Z,Copying files to intermediate directory done in 23 sec(s).,,0
	2026-06-21T10:31:13.3629916Z,,,0
	2026-06-21T10:31:13.4216011Z,Source directory     : /tmp/8decf80269dcb22,,0
	2026-06-21T10:31:13.4433909Z,Destination directory: /home/site/wwwroot,,0
	2026-06-21T10:31:13.5421606Z,,,0
	2026-06-21T10:31:13.7737602Z,Running build script snippets...,,0
	2026-06-21T10:31:13.7949215Z,Removing existing manifest file,,0
	2026-06-21T10:31:13.8439680Z,Creating directory for command manifest file if it does not exist,,0
	2026-06-21T10:31:13.8856971Z,Creating a manifest file...,,0
	2026-06-21T10:31:13.9450430Z,Node Build Command Manifest file created.,,0
	2026-06-21T10:31:13.9860326Z,,,0
	2026-06-21T10:31:14.0041386Z,Using Node version:,,0
	2026-06-21T10:31:14.1963525Z,v22.22.2,,0
	2026-06-21T10:31:14.2278392Z,,,0
	2026-06-21T10:31:14.2679993Z,Using Npm version:,,0
	2026-06-21T10:31:15.5235572Z,10.9.7,,0
	2026-06-21T10:31:15.6622123Z,,,0
	2026-06-21T10:31:15.6824111Z,Running 'npm install'...,,0
	2026-06-21T10:31:15.7245359Z,,,0
	2026-06-21T10:31:34.6926726Z,npm warn deprecated inflight@1.0.6: This module is not supported&comma; and leaks memory. Do not use it. Check out lru-cache if you want a good and tested way to coalesce async requests by a key value&comma; which is much more comprehensive and powerful.,,1
	2026-06-21T10:31:34.8739474Z,npm warn deprecated rimraf@2.7.1: Rimraf versions prior to v4 are no longer supported,,1
	2026-06-21T10:31:35.7748818Z,npm warn deprecated glob@7.2.3: Old versions of glob are not supported&comma; and contain widely publicized security vulnerabilities&comma; which have been fixed in the current version. Please update. Support for old versions may be purchased (at exorbitant rates) by contacting i@izs.me,,1
	2026-06-21T10:31:51.7620805Z,,,0
	2026-06-21T10:31:51.8072833Z,added 232 packages&comma; and audited 233 packages in 36s,,0
	2026-06-21T10:31:51.8369163Z,,,0
	2026-06-21T10:31:51.8584016Z,55 packages are looking for funding,,0
	2026-06-21T10:31:51.8766159Z,  run `npm fund` for details,,0
	2026-06-21T10:31:51.8988831Z,,,0
	2026-06-21T10:31:51.9255008Z,1 high severity vulnerability,,0
	2026-06-21T10:31:51.9430528Z,,,0
	2026-06-21T10:31:51.9618588Z,To address all issues&comma; run:,,0
	2026-06-21T10:31:52.0043087Z,  npm audit fix,,0
	2026-06-21T10:31:52.0423233Z,,,0
	2026-06-21T10:31:52.0843015Z,Run `npm audit` for details.,,0
	2026-06-21T10:31:52.1230798Z,,,0
	2026-06-21T10:31:52.1547974Z,Running 'npm run build'...,,0
	2026-06-21T10:31:52.1734544Z,,,0
	2026-06-21T10:31:53.0666983Z,,,0
	2026-06-21T10:31:53.0873754Z,> server@1.0.0 build,,0
	2026-06-21T10:31:53.0987204Z,> npm --prefix client install && npm --prefix client run build && tsc,,0
	2026-06-21T10:31:53.1390578Z,,,0
	2026-06-21T10:32:17.1199205Z,npm warn deprecated glob@11.1.0: Old versions of glob are not supported&comma; and contain widely publicized security vulnerabilities&comma; which have been fixed in the current version. Please update. Support for old versions may be purchased (at exorbitant rates) by contacting i@izs.me,,1
	2026-06-21T10:32:29.3198535Z,,,0
	2026-06-21T10:32:29.4096025Z,added 3 packages&comma; changed 22 packages&comma; and audited 458 packages in 36s,,0
	2026-06-21T10:32:29.4308480Z,,,0
	2026-06-21T10:32:29.4824054Z,134 packages are looking for funding,,0
	2026-06-21T10:32:29.5106332Z,  run `npm fund` for details,,0
	2026-06-21T10:32:29.5620298Z,,,0
	2026-06-21T10:32:29.6215112Z,2 vulnerabilities (1 moderate&comma; 1 high),,0
	2026-06-21T10:32:29.7219273Z,,,0
	2026-06-21T10:32:29.8725356Z,To address all issues&comma; run:,,0
	2026-06-21T10:32:29.9244870Z,  npm audit fix,,0
	2026-06-21T10:32:29.9828096Z,,,0
	2026-06-21T10:32:30.0148927Z,Run `npm audit` for details.,,0
	2026-06-21T10:32:33.1167332Z,,,0
	2026-06-21T10:32:33.1976923Z,> client@0.0.0 build,,0
	2026-06-21T10:32:33.2388269Z,> tsc -b && vite build,,0
	2026-06-21T10:32:33.3193551Z,,,0
	2026-06-21T10:33:19.7673553Z,vite v8.0.14 building client environment for production...,,0
	2026-06-21T10:33:20.0225218Z,[2K,,0
	2026-06-21T10:33:22.9082776Z,transforming...✓ 225 modules transformed.,,0
	2026-06-21T10:33:23.5642889Z,rendering chunks...,,0
	2026-06-21T10:33:25.1538931Z,computing gzip size...,,0
	2026-06-21T10:33:25.2966905Z,dist/registerSW.js                     0.13 kB,,0
	2026-06-21T10:33:25.3554887Z,dist/manifest.webmanifest              0.35 kB,,0
	2026-06-21T10:33:25.4154838Z,dist/index.html                        0.85 kB │ gzip:   0.46 kB,,0
	2026-06-21T10:33:25.4738376Z,dist/assets/index-DWOAkynE.css         3.24 kB │ gzip:   1.33 kB,,0
	2026-06-21T10:33:25.5323623Z,dist/assets/purify.es-6-uFcs4-.js     24.94 kB │ gzip:   9.78 kB,,0
	2026-06-21T10:33:25.5733993Z,dist/assets/index.es-C9-mWjEJ.js     151.38 kB │ gzip:  48.88 kB,,0
	2026-06-21T10:33:25.7105703Z,dist/assets/html2canvas-CM_GNUbG.js  199.56 kB │ gzip:  46.78 kB,,0
	2026-06-21T10:33:25.7498633Z,dist/assets/index-DXlyYS3L.js        721.90 kB │ gzip: 225.13 kB,,0
	2026-06-21T10:33:25.8377388Z,,,0
	2026-06-21T10:33:25.8507468Z,✓ built in 5.50s,,0
	2026-06-21T10:33:32.7861221Z,[plugin builtin:vite-reporter] ,,1
	2026-06-21T10:33:32.9480315Z,(!) Some chunks are larger than 500 kB after minification. Consider:,,1
	2026-06-21T10:33:33.0184759Z,- Using dynamic import() to code-split the application,,1
	2026-06-21T10:33:33.1674506Z,- Use build.rolldownOptions.output.codeSplitting to improve chunking: https://rolldown.rs/reference/OutputOptions.codeSplitting,,1
	2026-06-21T10:33:33.2105368Z,- Adjust chunk size limit for this warning via build.chunkSizeWarningLimit.,,1
	2026-06-21T10:33:45.4723242Z,PWA v1.3.0,,0
	2026-06-21T10:33:45.5308244Z,mode      generateSW,,0
	2026-06-21T10:33:45.5431048Z,precache  10 entries (1076.21 KiB),,0
	2026-06-21T10:33:45.5927477Z,files generated,,0
	2026-06-21T10:33:45.6586912Z,  dist/sw.js,,0
	2026-06-21T10:33:45.7283538Z,  dist/workbox-abeb32eb.js,,0
	2026-06-21T10:34:10.5136180Z,,,0
	2026-06-21T10:34:10.5498007Z,Zipping existing node_modules folder...,,0
	2026-06-21T10:34:29.6527178Z,Done in 19 sec(s).,,0
	2026-06-21T10:34:29.6930827Z,Build script snippets done in 196 sec(s).,,0
	2026-06-21T10:34:29.7139640Z,Preparing output...,,0
	2026-06-21T10:34:29.7353740Z,Using standard output preparation...,,0
	2026-06-21T10:34:29.7636631Z,,,0
	2026-06-21T10:34:29.7945576Z,Copying files to destination directory '/home/site/wwwroot'...,,0
	2026-06-21T10:35:28.5482289Z,Copying to destination directory done in 59 sec(s).,,0
	2026-06-21T10:35:28.5818488Z,Total time for destination directory preparation done in 59 sec(s).,,0
	2026-06-21T10:35:28.6203706Z,,,0
	2026-06-21T10:35:28.6695678Z,Removing existing manifest file,,0
	2026-06-21T10:35:28.6818694Z,Creating a manifest file...,,0
	2026-06-21T10:35:28.7304048Z,Manifest file created.,,0
	2026-06-21T10:35:28.7622832Z,Copying .ostype to manifest output directory.,,0
	2026-06-21T10:35:28.8309857Z,,,0
	2026-06-21T10:35:28.8605978Z,Total execution done in 278 sec(s).,,0
2026-06-21T10:35:29.7438433Z,Running post deployment command(s)...,af6b932f-45fe-441c-add9-bc7003e05a17,0
2026-06-21T10:35:29.8782962Z,,3bbd9cec-b6bd-4918-923d-8ff677d7bab5,0
2026-06-21T10:35:29.9650006Z,Generating summary of Oryx build,80fac333-6488-4d73-b4ce-f086ad376359,0
2026-06-21T10:35:30.0997568Z,Parsing the build logs,19a9dea2-2903-4618-988f-9905ca4f7d91,0
2026-06-21T10:35:30.2007689Z,Found 0 issue(s),14eae83d-5446-41e4-a6a9-d03964b8e877,0
2026-06-21T10:35:30.2788195Z,,e7d95c5a-0dea-4ebf-8c16-7328054a02a6,0
2026-06-21T10:35:30.3726420Z,Build Summary :,411cfbac-1847-4ad1-800e-98f8760f92c0,0
2026-06-21T10:35:30.4515573Z,===============,2a26d6e3-c3df-4d05-9c3a-9b77a661ff5a,0
2026-06-21T10:35:30.5467279Z,Errors (0),02745fac-0250-441a-8b69-332b34f45cd8,0
2026-06-21T10:35:30.6285437Z,Warnings (0),6ef34816-e7fb-425b-b7c7-2a95d7834fea,0
2026-06-21T10:35:30.7220057Z,,61ed4503-ff4c-4fc7-a82f-523f715bb109,0
2026-06-21T10:35:30.8223531Z,Triggering container recycle for OneDeploy by adding/updating restartTrigger.txt to the site root path,ff35f6a7-a81f-4a0d-ac16-d70cd3474557,0
2026-06-21T10:35:30.9946039Z,Deployment successful. deployer = OneDeploy deploymentPath = OneDeploy,88d2b97d-cbfa-435f-ac9c-c1ea35c15485,0
