2026-06-19T14:43:11.7625921Z,Updating submodules.,387ef110-1493-4745-9556-49ed91abb3d6,0
2026-06-19T14:43:12.9839592Z,Preparing deployment for commit id 'fd6bc05d-8'.,f93463c1-5284-42ca-9daf-ca1b4306b6ae,0
2026-06-19T14:43:13.3997213Z,PreDeployment: context.CleanOutputPath False,42ad2c27-cb41-4984-97c7-8c36311ec49d,0
2026-06-19T14:43:13.5580565Z,PreDeployment: context.OutputPath /home/site/wwwroot,6e5ca3aa-25c1-4af7-af56-6a0da2e4fba0,0
2026-06-19T14:43:13.6901206Z,Repository path is /tmp/zipdeploy/extracted,4b9ec985-9513-4dbd-ab3e-79043b2d892e,0
2026-06-19T14:43:13.7891763Z,Running oryx build...,e8649137-b982-4b49-bab0-8b2d5d1207d3,0
	2026-06-19T14:43:13.7933038Z,Command: oryx build /tmp/zipdeploy/extracted -o /home/site/wwwroot --platform nodejs --platform-version 22 -p virtualenv_name= --log-file /tmp/build-debug.log  -i /tmp/8dece11172d1e76 -p compress_node_modules=tar-gz | tee /tmp/oryx-build.log,,0
	2026-06-19T14:43:17.5535362Z,Operation performed by Microsoft Oryx&comma; https://github.com/Microsoft/Oryx,,0
	2026-06-19T14:43:17.5932115Z,You can report issues at https://github.com/Microsoft/Oryx/issues,,0
	2026-06-19T14:43:17.6143323Z,,,0
	2026-06-19T14:43:17.6537219Z,Oryx Version: 0.2.20260513.1+5c94136d0d5c06204a00d688dc7aea902452e52c&comma; Commit: 5c94136d0d5c06204a00d688dc7aea902452e52c&comma; ReleaseTagName: 20260513.1,,0
	2026-06-19T14:43:17.6836960Z,,,0
	2026-06-19T14:43:17.7362971Z,Build Operation ID: 8a6ed09ecf125126,,0
	2026-06-19T14:43:17.7740469Z,Repository Commit : fd6bc05d-8fb3-459a-8be2-9aded1a2650c,,0
	2026-06-19T14:43:17.8042226Z,OS Type           : bookworm,,0
	2026-06-19T14:43:17.8348001Z,Image Type        : githubactions,,0
	2026-06-19T14:43:17.8665114Z,,,0
	2026-06-19T14:43:17.9350473Z,Primary SDK Storage URL: https://oryx-cdn.microsoft.io,,0
	2026-06-19T14:43:17.9651315Z,Backup SDK Storage URL: ,,0
	2026-06-19T14:43:17.9949100Z,ACR SDK Registry URL: (not set),,0
	2026-06-19T14:43:18.0277777Z,SDK provider status:,,0
	2026-06-19T14:43:18.0564163Z,  External ACR SDK provider: Enabled,,0
	2026-06-19T14:43:18.1182519Z,  External SDK provider: Enabled,,0
	2026-06-19T14:43:18.1661032Z,  Direct ACR SDK provider: Disabled,,0
	2026-06-19T14:43:18.2467298Z,  Blob SDK provider: Enabled,,0
	2026-06-19T14:43:18.2663547Z,External ACR SDK provider is enabled. Only using user-specified platform: nodejs,,0
	2026-06-19T14:43:18.3062765Z,Detecting platforms...,,0
	2026-06-19T14:43:20.2099715Z,External ACR provider resolved version '22.22.2' for nodejs.,,0
	2026-06-19T14:43:20.2375615Z,Version resolved using external ACR SDK provider.,,0
	2026-06-19T14:43:20.3480677Z,Detected following platforms:,,0
	2026-06-19T14:43:20.4305859Z,  nodejs: 22.22.2,,0
	2026-06-19T14:43:20.4911141Z,Requesting SDK from ACR via external provider: nodejs 22.22.2 (bookworm),,0
	2026-06-19T14:43:26.2157388Z,Successfully pulled SDK from ACR via external provider: nodejs 22.22.2,,0
	2026-06-19T14:43:26.3250411Z,SDK for 'nodejs' version '22.22.2' fetched via external ACR provider.,,0
	2026-06-19T14:43:26.3918164Z,Version '22.22.2' of platform 'nodejs' is not installed. Generating script to install it...,,0
	2026-06-19T14:43:26.6435843Z,Detected the following frameworks: Typescript&comma;Express,,0
	2026-06-19T14:43:27.2136562Z,,,0
	2026-06-19T14:43:27.3339894Z,Using intermediate directory '/tmp/8dece11172d1e76'.,,0
	2026-06-19T14:43:27.3746429Z,,,0
	2026-06-19T14:43:27.4146706Z,Copying files to the intermediate directory...,,0
	2026-06-19T14:43:55.9407124Z,Copying files to intermediate directory done in 28 sec(s).,,0
	2026-06-19T14:43:56.0513400Z,,,0
	2026-06-19T14:43:56.0627093Z,Source directory     : /tmp/8dece11172d1e76,,0
	2026-06-19T14:43:56.0801174Z,Destination directory: /home/site/wwwroot,,0
	2026-06-19T14:43:56.0997571Z,,,0
	2026-06-19T14:43:56.1419631Z,Installing platform...,,0
	2026-06-19T14:43:56.1726448Z,,,0
	2026-06-19T14:43:56.2423586Z,Downloading and extracting 'nodejs' version '22.22.2' to '/tmp/oryx/platforms/nodejs/22.22.2'...,,0
	2026-06-19T14:43:56.2627908Z,Detected image debian flavor: bookworm.,,0
	2026-06-19T14:43:56.3027003Z,SDK binary download was skipped. Looking for cached tarball...,,0
	2026-06-19T14:43:56.3703846Z,Found tarball at /var/OryxAcrSdks/nodejs/nodejs-bookworm-22.22.2.tar.gz,,0
	2026-06-19T14:44:12.1853785Z,Successfully extracted nodejs version 22.22.2 from cached tarball.,,0
	2026-06-19T14:44:12.2269409Z,,,0
	2026-06-19T14:44:12.2707157Z,Platform installation done in 17 sec(s).,,0
	2026-06-19T14:44:12.9977459Z,Running build script snippets...,,0
	2026-06-19T14:44:13.0373214Z,Removing existing manifest file,,0
	2026-06-19T14:44:13.0767917Z,Creating directory for command manifest file if it does not exist,,0
	2026-06-19T14:44:13.1073543Z,Creating a manifest file...,,0
	2026-06-19T14:44:13.1360132Z,Node Build Command Manifest file created.,,0
	2026-06-19T14:44:13.1659383Z,,,0
	2026-06-19T14:44:13.1874139Z,Using Node version:,,0
	2026-06-19T14:44:13.2768127Z,v22.22.2,,0
	2026-06-19T14:44:13.3085314Z,,,0
	2026-06-19T14:44:13.3701355Z,Using Npm version:,,0
	2026-06-19T14:44:14.4601775Z,10.9.7,,0
	2026-06-19T14:44:14.5590294Z,,,0
	2026-06-19T14:44:14.5949854Z,Running 'npm install'...,,0
	2026-06-19T14:44:14.6619159Z,,,0
	2026-06-19T14:44:28.3650740Z,npm warn deprecated inflight@1.0.6: This module is not supported&comma; and leaks memory. Do not use it. Check out lru-cache if you want a good and tested way to coalesce async requests by a key value&comma; which is much more comprehensive and powerful.,,1
	2026-06-19T14:44:28.7133362Z,npm warn deprecated rimraf@2.7.1: Rimraf versions prior to v4 are no longer supported,,1
	2026-06-19T14:44:29.2352415Z,npm warn deprecated glob@7.2.3: Old versions of glob are not supported&comma; and contain widely publicized security vulnerabilities&comma; which have been fixed in the current version. Please update. Support for old versions may be purchased (at exorbitant rates) by contacting i@izs.me,,1
	2026-06-19T14:44:47.8849946Z,,,0
	2026-06-19T14:44:47.9175463Z,added 232 packages&comma; and audited 233 packages in 32s,,0
	2026-06-19T14:44:47.9466698Z,,,0
	2026-06-19T14:44:47.9673914Z,55 packages are looking for funding,,0
	2026-06-19T14:44:47.9782549Z,  run `npm fund` for details,,0
	2026-06-19T14:44:48.0341506Z,,,0
	2026-06-19T14:44:48.0553570Z,1 high severity vulnerability,,0
	2026-06-19T14:44:48.0937504Z,,,0
	2026-06-19T14:44:48.1341343Z,To address all issues&comma; run:,,0
	2026-06-19T14:44:48.1549984Z,  npm audit fix,,0
	2026-06-19T14:44:48.1944034Z,,,0
	2026-06-19T14:44:48.2354822Z,Run `npm audit` for details.,,0
	2026-06-19T14:44:48.3685850Z,,,0
	2026-06-19T14:44:48.3880141Z,Running 'npm run build'...,,0
	2026-06-19T14:44:48.4266566Z,,,0
	2026-06-19T14:44:49.6045340Z,,,0
	2026-06-19T14:44:49.6260021Z,> server@1.0.0 build,,0
	2026-06-19T14:44:49.6655248Z,> npm --prefix client install && npm --prefix client run build && tsc,,0
	2026-06-19T14:44:49.7102808Z,,,0
	2026-06-19T14:45:08.9496548Z,npm warn deprecated glob@11.1.0: Old versions of glob are not supported&comma; and contain widely publicized security vulnerabilities&comma; which have been fixed in the current version. Please update. Support for old versions may be purchased (at exorbitant rates) by contacting i@izs.me,,1
	2026-06-19T14:45:13.4323404Z,,,0
	2026-06-19T14:45:13.4801228Z,added 3 packages&comma; changed 22 packages&comma; and audited 458 packages in 23s,,0
	2026-06-19T14:45:13.5299497Z,,,0
	2026-06-19T14:45:13.5727069Z,134 packages are looking for funding,,0
	2026-06-19T14:45:13.6333899Z,  run `npm fund` for details,,0
	2026-06-19T14:45:13.7239900Z,,,0
	2026-06-19T14:45:13.7628651Z,2 vulnerabilities (1 moderate&comma; 1 high),,0
	2026-06-19T14:45:13.7916589Z,,,0
	2026-06-19T14:45:13.8533164Z,To address all issues&comma; run:,,0
	2026-06-19T14:45:13.8721612Z,  npm audit fix,,0
	2026-06-19T14:45:13.9046976Z,,,0
	2026-06-19T14:45:13.9543044Z,Run `npm audit` for details.,,0
	2026-06-19T14:45:14.6829262Z,,,0
	2026-06-19T14:45:14.7052358Z,> client@0.0.0 build,,0
	2026-06-19T14:45:14.7330897Z,> tsc -b && vite build,,0
	2026-06-19T14:45:14.7802354Z,,,0
	2026-06-19T14:45:55.5886252Z,vite v8.0.14 building client environment for production...,,0
	2026-06-19T14:45:55.7191801Z,[2K,,0
	2026-06-19T14:45:58.1185682Z,transforming...✓ 225 modules transformed.,,0
	2026-06-19T14:45:59.3350130Z,rendering chunks...,,0
	2026-06-19T14:46:04.8017113Z,computing gzip size...,,0
	2026-06-19T14:46:05.2359825Z,dist/registerSW.js                     0.13 kB,,0
	2026-06-19T14:46:05.2569730Z,dist/manifest.webmanifest              0.35 kB,,0
	2026-06-19T14:46:05.2867735Z,[33m[PLUGIN_TIMINGS] [0mYour build spent significant time in plugins. Here is a breakdown:,,1
	2026-06-19T14:46:05.3503907Z,dist/index.html                        0.85 kB │ gzip:   0.46 kB,,0
	2026-06-19T14:46:05.4597738Z,  - vite:css-post (30%),,1
	2026-06-19T14:46:05.5090630Z,dist/assets/index-DPjNdQ5U.css         2.06 kB │ gzip:   0.88 kB,,0
	2026-06-19T14:46:05.5579812Z,  - vite:css (20%),,1
	2026-06-19T14:46:05.6650329Z,dist/assets/purify.es-6-uFcs4-.js     24.94 kB │ gzip:   9.78 kB,,0
	2026-06-19T14:46:05.7137716Z,See https://rolldown.rs/options/checks#plugintimings for more details.,,1
	2026-06-19T14:46:05.7426225Z,dist/assets/index.es-EmVocepA.js     151.38 kB │ gzip:  48.88 kB,,0
	2026-06-19T14:46:05.7835694Z,,,1
	2026-06-19T14:46:05.8904354Z,dist/assets/html2canvas-DWEkO_Eq.js  199.56 kB │ gzip:  46.78 kB,,0
	2026-06-19T14:46:05.9222451Z,[plugin builtin:vite-reporter] ,,1
	2026-06-19T14:46:06.0926323Z,(!) Some chunks are larger than 500 kB after minification. Consider:,,1
	2026-06-19T14:46:06.1030652Z,dist/assets/index-DpN0u03H.js        704.86 kB │ gzip: 220.71 kB,,0
	2026-06-19T14:46:06.1797133Z,- Using dynamic import() to code-split the application,,1
	2026-06-19T14:46:06.2081963Z,,,0
	2026-06-19T14:46:06.2872447Z,- Use build.rolldownOptions.output.codeSplitting to improve chunking: https://rolldown.rs/reference/OutputOptions.codeSplitting,,1
	2026-06-19T14:46:06.3444896Z,✓ built in 9.69s,,0
	2026-06-19T14:46:06.4454505Z,- Adjust chunk size limit for this warning via build.chunkSizeWarningLimit.,,1
	2026-06-19T14:46:28.0563069Z,PWA v1.3.0,,0
	2026-06-19T14:46:28.1065644Z,mode      generateSW,,0
	2026-06-19T14:46:28.1651111Z,precache  10 entries (1058.41 KiB),,0
	2026-06-19T14:46:28.1947250Z,files generated,,0
	2026-06-19T14:46:28.2267450Z,  dist/sw.js,,0
	2026-06-19T14:46:28.2767654Z,  dist/workbox-abeb32eb.js,,0
	2026-06-19T14:46:45.5339546Z,,,0
	2026-06-19T14:46:45.5820874Z,Zipping existing node_modules folder...,,0
	2026-06-19T14:47:07.7979531Z,Done in 22 sec(s).,,0
	2026-06-19T14:47:07.8490589Z,Build script snippets done in 175 sec(s).,,0
	2026-06-19T14:47:07.8567020Z,Preparing output...,,0
	2026-06-19T14:47:07.8772440Z,Using standard output preparation...,,0
	2026-06-19T14:47:07.9089325Z,,,0
	2026-06-19T14:47:07.9269667Z,Copying files to destination directory '/home/site/wwwroot'...,,0
	2026-06-19T14:48:29.7377953Z,Copying to destination directory done in 82 sec(s).,,0
	2026-06-19T14:48:29.7640963Z,Total time for destination directory preparation done in 82 sec(s).,,0
	2026-06-19T14:48:29.8353032Z,,,0
	2026-06-19T14:48:29.8651116Z,Removing existing manifest file,,0
	2026-06-19T14:48:29.8733240Z,Creating a manifest file...,,0
	2026-06-19T14:48:29.9025274Z,Manifest file created.,,0
	2026-06-19T14:48:29.9228104Z,Copying .ostype to manifest output directory.,,0
	2026-06-19T14:48:29.9980457Z,,,0
	2026-06-19T14:48:30.0060931Z,Total execution done in 302 sec(s).,,0
2026-06-19T14:48:31.4133279Z,Running post deployment command(s)...,3b8e7c72-1fc8-46fb-911b-7764ca4aebcc,0
2026-06-19T14:48:31.5363328Z,,35479506-9be9-45a3-aa3e-99c9c95aa853,0
2026-06-19T14:48:31.6316977Z,Generating summary of Oryx build,44580177-bee8-4b61-9f4d-5ae79ad0ff3b,0
2026-06-19T14:48:31.8040113Z,Parsing the build logs,8c54f63e-f1fb-4a0b-b201-bd4562c78732,0
2026-06-19T14:48:31.9054755Z,Found 0 issue(s),f6b4712b-1761-4dc8-bc61-1d9399b33e5f,0
2026-06-19T14:48:32.0009638Z,,19b58089-5e62-4cdb-b1a2-1320f501c1cf,0
2026-06-19T14:48:32.0869167Z,Build Summary :,12030456-6fd8-4eb8-8da9-678b837a0450,0
2026-06-19T14:48:32.1866142Z,===============,03b1164c-7140-4d3c-986f-ddcd5832e982,0
2026-06-19T14:48:32.2696011Z,Errors (0),b6c8909b-bb0e-4494-aaf7-885f22ababfc,0
2026-06-19T14:48:32.3601555Z,Warnings (0),7388891a-98d7-46b8-9fc3-bffd69b25126,0
2026-06-19T14:48:32.4541832Z,,ea20391a-5f65-427c-a842-4937a186e02a,0
2026-06-19T14:48:32.5688392Z,Triggering container recycle for OneDeploy by adding/updating restartTrigger.txt to the site root path,853ea55d-0191-4047-bdb3-52b4b24a20fa,0
2026-06-19T14:48:32.7470420Z,Deployment successful. deployer = OneDeploy deploymentPath = OneDeploy,57569686-ffb5-4cdb-863a-e2aadef1f5d0,0
