2026-08-08T16:26:59.7771294Z    _____                               
2026-08-08T16:26:59.7861692Z   /  _  \ __________ _________   ____  
2026-08-08T16:26:59.7862060Z  /  /_\  \\___   /  |  \_  __ \_/ __ \ 
2026-08-08T16:26:59.7862093Z /    |    \/    /|  |  /|  | \/\  ___/ 
2026-08-08T16:26:59.7862122Z \____|__  /_____ \____/ |__|    \___  >
2026-08-08T16:26:59.7863776Z         \/      \/                  \/ 
2026-08-08T16:26:59.7863817Z A P P   S E R V I C E   O N   L I N U X
2026-08-08T16:26:59.7863840Z 
2026-08-08T16:26:59.7864048Z Documentation    : http://aka.ms/webapp-linux
2026-08-08T16:26:59.7864119Z NodeJS quickstart: https://aka.ms/node-qs
2026-08-08T16:26:59.7864151Z NodeJS Version   : v22.22.2
2026-08-08T16:26:59.7864178Z Instance Name    : lw0sdlwk000AL4
2026-08-08T16:26:59.7864259Z Instance Id      : 3813442cbe21c5220c108b670f2bd0119da32cea98e46cf600e564dcf133ad26
2026-08-08T16:26:59.7864287Z 
2026-08-08T16:26:59.7864313Z Note: Any data outside '/home' is not persisted
2026-08-08T16:27:37.2315511Z Starting OpenBSD Secure Shell server: sshd.
2026-08-08T16:27:37.5779895Z WEBSITES_INCLUDE_CLOUD_CERTS is not set to true.
2026-08-08T16:27:38.3131732Z Updating certificates in /etc/ssl/certs...
2026-08-08T16:28:37.0531726Z rehash: warning: skipping duplicate certificate in azl_SSL.com_TLS_ECC_Root_CA_2022.pem
2026-08-08T16:28:37.0551493Z rehash: warning: skipping duplicate certificate in azl_SSL.com_TLS_RSA_Root_CA_2022.pem
2026-08-08T16:28:38.1775137Z rehash: warning: skipping ca-certificates.crt,it does not contain exactly one certificate or CRL
2026-08-08T16:28:38.4201941Z 4 added, 0 removed; done.
2026-08-08T16:28:38.4311349Z Running hooks in /etc/ca-certificates/update.d...
2026-08-08T16:28:38.4710198Z done.
2026-08-08T16:28:38.5979111Z CA certificates copied and updated successfully.
2026-08-08T16:28:40.4985130Z Starting periodic command scheduler: cron.
2026-08-08T16:28:41.4069262Z Could not find build manifest file at '/home/site/wwwroot/oryx-manifest.toml'
2026-08-08T16:28:41.4069770Z Could not find operation ID in manifest. Generating an operation id...
2026-08-08T16:28:41.4069870Z Build Operation ID: 1493fb65-158c-4c6b-b83d-e9fe65dd79bc
2026-08-08T16:28:43.2891912Z Environment Variables for Application Insight's IPA Codeless Configuration exists..
2026-08-08T16:28:43.3693479Z Writing output script to '/opt/startup/startup.sh'
2026-08-08T16:28:43.5750659Z Running #!/bin/sh
2026-08-08T16:28:43.5751120Z 
2026-08-08T16:28:43.5751166Z # Enter the source directory to make sure the script runs where the user expects
2026-08-08T16:28:43.5751205Z cd "/home/site/wwwroot"
2026-08-08T16:28:43.5751281Z 
2026-08-08T16:28:43.5751308Z export NODE_PATH=/usr/local/lib/node_modules:$NODE_PATH
2026-08-08T16:28:43.5751328Z if [ -z "$PORT" ]; then
2026-08-08T16:28:43.5751347Z 		export PORT=8080
2026-08-08T16:28:43.5751367Z fi
2026-08-08T16:28:43.5751385Z 
2026-08-08T16:28:43.5751406Z PATH="$PATH:/home/site/wwwroot" node server/dist/index.js
2026-08-08T16:28:57.1348530Z node:internal/modules/cjs/loader:1386
2026-08-08T16:28:57.1349220Z   throw err;
2026-08-08T16:28:57.1349265Z   ^
2026-08-08T16:28:57.1349289Z 
2026-08-08T16:28:57.1349328Z Error: Cannot find module '/home/site/wwwroot/server/dist/index.js'
2026-08-08T16:28:57.1349362Z     at Function._resolveFilename (node:internal/modules/cjs/loader:1383:15)
2026-08-08T16:28:57.1349392Z     at defaultResolveImpl (node:internal/modules/cjs/loader:1025:19)
2026-08-08T16:28:57.1349421Z     at resolveForCJSWithHooks (node:internal/modules/cjs/loader:1030:22)
2026-08-08T16:28:57.1349485Z     at Function._load (node:internal/modules/cjs/loader:1192:37)
2026-08-08T16:28:57.1349514Z     at TracingChannel.traceSync (node:diagnostics_channel:328:14)
2026-08-08T16:28:57.1349541Z     at wrapModuleLoad (node:internal/modules/cjs/loader:237:24)
2026-08-08T16:28:57.1349571Z     at Function.executeUserEntryPoint [as runMain] (node:internal/modules/run_main:171:5)
2026-08-08T16:28:57.1349598Z     at node:internal/main/run_main_module:36:49 {
2026-08-08T16:28:57.1349625Z   code: 'MODULE_NOT_FOUND',
2026-08-08T16:28:57.1349650Z   requireStack: []
2026-08-08T16:28:57.1349693Z }
2026-08-08T16:28:57.1648082Z 
2026-08-08T16:28:57.1648514Z Node.js v22.22.2
2026-08-08T16:29:51.0094176Z    _____                               
2026-08-08T16:29:51.0094976Z   /  _  \ __________ _________   ____  
2026-08-08T16:29:51.0095006Z  /  /_\  \\___   /  |  \_  __ \_/ __ \ 
2026-08-08T16:29:51.0095025Z /    |    \/    /|  |  /|  | \/\  ___/ 
2026-08-08T16:29:51.0095044Z \____|__  /_____ \____/ |__|    \___  >
2026-08-08T16:29:51.0095064Z         \/      \/                  \/ 
2026-08-08T16:29:51.0095082Z A P P   S E R V I C E   O N   L I N U X
2026-08-08T16:29:51.0095098Z 
2026-08-08T16:29:51.0095121Z Documentation    : http://aka.ms/webapp-linux
2026-08-08T16:29:51.0095140Z NodeJS quickstart: https://aka.ms/node-qs
2026-08-08T16:29:51.0095159Z NodeJS Version   : v22.22.2
2026-08-08T16:29:51.0095177Z Instance Name    : lw0sdlwk000AL4
2026-08-08T16:29:51.0095201Z Instance Id      : 3813442cbe21c5220c108b670f2bd0119da32cea98e46cf600e564dcf133ad26
2026-08-08T16:29:51.0095425Z 
2026-08-08T16:29:51.0095447Z Note: Any data outside '/home' is not persisted
2026-08-08T16:29:53.5101881Z Starting OpenBSD Secure Shell server: sshd.
2026-08-08T16:29:53.5587541Z WEBSITES_INCLUDE_CLOUD_CERTS is not set to true.
2026-08-08T16:29:53.6284083Z Updating certificates in /etc/ssl/certs...
2026-08-08T16:30:27.4533661Z rehash: warning: skipping duplicate certificate in azl_SSL.com_TLS_ECC_Root_CA_2022.pem
2026-08-08T16:30:27.4549074Z rehash: warning: skipping duplicate certificate in azl_SSL.com_TLS_RSA_Root_CA_2022.pem
2026-08-08T16:30:27.9291713Z rehash: warning: skipping ca-certificates.crt,it does not contain exactly one certificate or CRL
2026-08-08T16:30:27.9992105Z 4 added, 0 removed; done.
2026-08-08T16:30:28.0058718Z Running hooks in /etc/ca-certificates/update.d...
2026-08-08T16:30:28.0249945Z done.
2026-08-08T16:30:28.0579669Z CA certificates copied and updated successfully.
2026-08-08T16:30:28.2568587Z Starting periodic command scheduler: cron.
2026-08-08T16:30:28.8891181Z Could not find build manifest file at '/home/site/wwwroot/oryx-manifest.toml'
2026-08-08T16:30:28.8897917Z Could not find operation ID in manifest. Generating an operation id...
2026-08-08T16:30:28.8905695Z Build Operation ID: 14ce6098-f932-428a-8d25-52f4a2e07be3
2026-08-08T16:30:29.3407035Z Environment Variables for Application Insight's IPA Codeless Configuration exists..
2026-08-08T16:30:29.3793607Z Writing output script to '/opt/startup/startup.sh'
2026-08-08T16:30:29.4496067Z Running #!/bin/sh
2026-08-08T16:30:29.4496865Z 
2026-08-08T16:30:29.4496913Z # Enter the source directory to make sure the script runs where the user expects
2026-08-08T16:30:29.4496939Z cd "/home/site/wwwroot"
2026-08-08T16:30:29.4496958Z 
2026-08-08T16:30:29.4496985Z export NODE_PATH=/usr/local/lib/node_modules:$NODE_PATH
2026-08-08T16:30:29.4497011Z if [ -z "$PORT" ]; then
2026-08-08T16:30:29.4497031Z 		export PORT=8080
2026-08-08T16:30:29.4497050Z fi
2026-08-08T16:30:29.4497068Z 
2026-08-08T16:30:29.4500438Z PATH="$PATH:/home/site/wwwroot" node server/dist/index.js
2026-08-08T16:30:35.0869018Z node:internal/modules/cjs/loader:1386
2026-08-08T16:30:35.0869632Z   throw err;
2026-08-08T16:30:35.0869668Z   ^
2026-08-08T16:30:35.0869701Z 
2026-08-08T16:30:35.0869733Z Error: Cannot find module '/home/site/wwwroot/server/dist/index.js'
2026-08-08T16:30:35.0869758Z     at Function._resolveFilename (node:internal/modules/cjs/loader:1383:15)
2026-08-08T16:30:35.0869782Z     at defaultResolveImpl (node:internal/modules/cjs/loader:1025:19)
2026-08-08T16:30:35.0869809Z     at resolveForCJSWithHooks (node:internal/modules/cjs/loader:1030:22)
2026-08-08T16:30:35.0869952Z     at Function._load (node:internal/modules/cjs/loader:1192:37)
2026-08-08T16:30:35.0869978Z     at TracingChannel.traceSync (node:diagnostics_channel:328:14)
2026-08-08T16:30:35.0870003Z     at wrapModuleLoad (node:internal/modules/cjs/loader:237:24)
2026-08-08T16:30:35.0870029Z     at Function.executeUserEntryPoint [as runMain] (node:internal/modules/run_main:171:5)
2026-08-08T16:30:35.0870051Z     at node:internal/main/run_main_module:36:49 {
2026-08-08T16:30:35.0870073Z   code: 'MODULE_NOT_FOUND',
2026-08-08T16:30:35.0870094Z   requireStack: []
2026-08-08T16:30:35.0870115Z }
2026-08-08T16:30:35.0889026Z 
2026-08-08T16:30:35.0890464Z Node.js v22.22.2
2026-08-08T16:31:49.3884935Z    _____                               
2026-08-08T16:31:49.3885224Z   /  _  \ __________ _________   ____  
2026-08-08T16:31:49.3885261Z  /  /_\  \\___   /  |  \_  __ \_/ __ \ 
2026-08-08T16:31:49.3885281Z /    |    \/    /|  |  /|  | \/\  ___/ 
2026-08-08T16:31:49.3885301Z \____|__  /_____ \____/ |__|    \___  >
2026-08-08T16:31:49.3885325Z         \/      \/                  \/ 
2026-08-08T16:31:49.3885353Z A P P   S E R V I C E   O N   L I N U X
2026-08-08T16:31:49.3885372Z 
2026-08-08T16:31:49.3885392Z Documentation    : http://aka.ms/webapp-linux
2026-08-08T16:31:49.3885471Z NodeJS quickstart: https://aka.ms/node-qs
2026-08-08T16:31:49.3885492Z NodeJS Version   : v22.22.2
2026-08-08T16:31:49.3885512Z Instance Name    : lw0sdlwk000AL4
2026-08-08T16:31:49.3885534Z Instance Id      : 3813442cbe21c5220c108b670f2bd0119da32cea98e46cf600e564dcf133ad26
2026-08-08T16:31:49.3885550Z 
2026-08-08T16:31:49.3885571Z Note: Any data outside '/home' is not persisted
2026-08-08T16:31:51.3020146Z Starting OpenBSD Secure Shell server: sshd.
2026-08-08T16:31:51.3213553Z WEBSITES_INCLUDE_CLOUD_CERTS is not set to true.
2026-08-08T16:31:51.3811528Z Updating certificates in /etc/ssl/certs...
2026-08-08T16:32:20.5184259Z rehash: warning: skipping duplicate certificate in azl_SSL.com_TLS_ECC_Root_CA_2022.pem
2026-08-08T16:32:20.5909578Z rehash: warning: skipping duplicate certificate in azl_SSL.com_TLS_RSA_Root_CA_2022.pem
2026-08-08T16:32:21.7700066Z rehash: warning: skipping ca-certificates.crt,it does not contain exactly one certificate or CRL
2026-08-08T16:32:21.8783934Z 4 added, 0 removed; done.
2026-08-08T16:32:21.8784500Z Running hooks in /etc/ca-certificates/update.d...
2026-08-08T16:32:21.9279081Z done.
2026-08-08T16:32:21.9551807Z CA certificates copied and updated successfully.
2026-08-08T16:32:22.3804865Z Starting periodic command scheduler: cron.
2026-08-08T16:32:22.8402366Z Could not find build manifest file at '/home/site/wwwroot/oryx-manifest.toml'
2026-08-08T16:32:22.8656721Z Could not find operation ID in manifest. Generating an operation id...
2026-08-08T16:32:22.8656884Z Build Operation ID: 1f51e35c-b25f-4862-a1e5-02bb78cf7298
2026-08-08T16:32:24.0206704Z Environment Variables for Application Insight's IPA Codeless Configuration exists..
2026-08-08T16:32:24.0707103Z Writing output script to '/opt/startup/startup.sh'
2026-08-08T16:32:24.2781726Z Running #!/bin/sh
2026-08-08T16:32:24.2782022Z 
2026-08-08T16:32:24.2782058Z # Enter the source directory to make sure the script runs where the user expects
2026-08-08T16:32:24.2782088Z cd "/home/site/wwwroot"
2026-08-08T16:32:24.2782104Z 
2026-08-08T16:32:24.2782123Z export NODE_PATH=/usr/local/lib/node_modules:$NODE_PATH
2026-08-08T16:32:24.2782140Z if [ -z "$PORT" ]; then
2026-08-08T16:32:24.2782168Z 		export PORT=8080
2026-08-08T16:32:24.2782191Z fi
2026-08-08T16:32:24.2782207Z 
2026-08-08T16:32:24.2782226Z PATH="$PATH:/home/site/wwwroot" node server/dist/index.js
2026-08-08T16:32:26.5057535Z node:internal/modules/cjs/loader:1386
2026-08-08T16:32:26.5058117Z   throw err;
2026-08-08T16:32:26.5058151Z   ^
2026-08-08T16:32:26.5058173Z 
2026-08-08T16:32:26.5058197Z Error: Cannot find module '/home/site/wwwroot/server/dist/index.js'
2026-08-08T16:32:26.5058221Z     at Function._resolveFilename (node:internal/modules/cjs/loader:1383:15)
2026-08-08T16:32:26.5058243Z     at defaultResolveImpl (node:internal/modules/cjs/loader:1025:19)
2026-08-08T16:32:26.5058267Z     at resolveForCJSWithHooks (node:internal/modules/cjs/loader:1030:22)
2026-08-08T16:32:26.5058300Z     at Function._load (node:internal/modules/cjs/loader:1192:37)
2026-08-08T16:32:26.5058325Z     at TracingChannel.traceSync (node:diagnostics_channel:328:14)
2026-08-08T16:32:26.5058347Z     at wrapModuleLoad (node:internal/modules/cjs/loader:237:24)
2026-08-08T16:32:26.5058370Z     at Function.executeUserEntryPoint [as runMain] (node:internal/modules/run_main:171:5)
2026-08-08T16:32:26.5058516Z     at node:internal/main/run_main_module:36:49 {
2026-08-08T16:32:26.5058540Z   code: 'MODULE_NOT_FOUND',
2026-08-08T16:32:26.5058559Z   requireStack: []
2026-08-08T16:32:26.5058578Z }
2026-08-08T16:32:26.5149896Z 
2026-08-08T16:32:26.5150127Z Node.js v22.22.2
2026-08-08T16:33:51.7291309Z    _____                               
2026-08-08T16:33:51.7291705Z   /  _  \ __________ _________   ____  
2026-08-08T16:33:51.7291735Z  /  /_\  \\___   /  |  \_  __ \_/ __ \ 
2026-08-08T16:33:51.7291757Z /    |    \/    /|  |  /|  | \/\  ___/ 
2026-08-08T16:33:51.7291775Z \____|__  /_____ \____/ |__|    \___  >
2026-08-08T16:33:51.7291797Z         \/      \/                  \/ 
2026-08-08T16:33:51.7291816Z A P P   S E R V I C E   O N   L I N U X
2026-08-08T16:33:51.7291832Z 
2026-08-08T16:33:51.7291850Z Documentation    : http://aka.ms/webapp-linux
2026-08-08T16:33:51.7291868Z NodeJS quickstart: https://aka.ms/node-qs
2026-08-08T16:33:51.7291886Z NodeJS Version   : v22.22.2
2026-08-08T16:33:51.7291905Z Instance Name    : lw0sdlwk000AL4
2026-08-08T16:33:51.7291927Z Instance Id      : 3813442cbe21c5220c108b670f2bd0119da32cea98e46cf600e564dcf133ad26
2026-08-08T16:33:51.7291942Z 
2026-08-08T16:33:51.7291962Z Note: Any data outside '/home' is not persisted
2026-08-08T16:33:53.2887722Z Starting OpenBSD Secure Shell server: sshd.
2026-08-08T16:33:53.3168018Z WEBSITES_INCLUDE_CLOUD_CERTS is not set to true.
2026-08-08T16:33:53.3764247Z Updating certificates in /etc/ssl/certs...
2026-08-08T16:34:16.8236259Z rehash: warning: skipping duplicate certificate in azl_SSL.com_TLS_ECC_Root_CA_2022.pem
2026-08-08T16:34:16.8315008Z rehash: warning: skipping duplicate certificate in azl_SSL.com_TLS_RSA_Root_CA_2022.pem
2026-08-08T16:34:17.2805989Z rehash: warning: skipping ca-certificates.crt,it does not contain exactly one certificate or CRL
2026-08-08T16:34:17.3581784Z 4 added, 0 removed; done.
2026-08-08T16:34:17.3582267Z Running hooks in /etc/ca-certificates/update.d...
2026-08-08T16:34:17.3677285Z done.
2026-08-08T16:34:17.4062662Z CA certificates copied and updated successfully.
2026-08-08T16:34:17.7037859Z Starting periodic command scheduler: cron.
2026-08-08T16:34:18.1385283Z Could not find build manifest file at '/home/site/wwwroot/oryx-manifest.toml'
2026-08-08T16:34:18.1390878Z Could not find operation ID in manifest. Generating an operation id...
2026-08-08T16:34:18.1467220Z Build Operation ID: 95f61974-14d2-4be1-a27c-1d8ca243e1d9
2026-08-08T16:34:18.5961843Z Environment Variables for Application Insight's IPA Codeless Configuration exists..
2026-08-08T16:34:18.6278393Z Writing output script to '/opt/startup/startup.sh'
2026-08-08T16:34:18.7526039Z Running #!/bin/sh
2026-08-08T16:34:18.7526292Z 
2026-08-08T16:34:18.7526321Z # Enter the source directory to make sure the script runs where the user expects
2026-08-08T16:34:18.7526344Z cd "/home/site/wwwroot"
2026-08-08T16:34:18.7526364Z 
2026-08-08T16:34:18.7526388Z export NODE_PATH=/usr/local/lib/node_modules:$NODE_PATH
2026-08-08T16:34:18.7526411Z if [ -z "$PORT" ]; then
2026-08-08T16:34:18.7526435Z 		export PORT=8080
2026-08-08T16:34:18.7526454Z fi
2026-08-08T16:34:18.7526473Z 
2026-08-08T16:34:18.7526499Z PATH="$PATH:/home/site/wwwroot" node server/dist/index.js
2026-08-08T16:34:23.4047079Z node:internal/modules/cjs/loader:1386
2026-08-08T16:34:23.4047609Z   throw err;
2026-08-08T16:34:23.4047632Z   ^
2026-08-08T16:34:23.4047651Z 
2026-08-08T16:34:23.4047675Z Error: Cannot find module '/home/site/wwwroot/server/dist/index.js'
2026-08-08T16:34:23.4047697Z     at Function._resolveFilename (node:internal/modules/cjs/loader:1383:15)
2026-08-08T16:34:23.4047721Z     at defaultResolveImpl (node:internal/modules/cjs/loader:1025:19)
2026-08-08T16:34:23.4047742Z     at resolveForCJSWithHooks (node:internal/modules/cjs/loader:1030:22)
2026-08-08T16:34:23.4047763Z     at Function._load (node:internal/modules/cjs/loader:1192:37)
2026-08-08T16:34:23.4047786Z     at TracingChannel.traceSync (node:diagnostics_channel:328:14)
2026-08-08T16:34:23.4047807Z     at wrapModuleLoad (node:internal/modules/cjs/loader:237:24)
2026-08-08T16:34:23.4047829Z     at Function.executeUserEntryPoint [as runMain] (node:internal/modules/run_main:171:5)
2026-08-08T16:34:23.4047851Z     at node:internal/main/run_main_module:36:49 {
2026-08-08T16:34:23.4047897Z   code: 'MODULE_NOT_FOUND',
2026-08-08T16:34:23.4047917Z   requireStack: []
2026-08-08T16:34:23.4047934Z }
2026-08-08T16:34:23.4050185Z 
2026-08-08T16:34:23.4050277Z Node.js v22.22.2
2026-08-08T16:36:51.3792701Z    _____                               
2026-08-08T16:36:51.3793060Z   /  _  \ __________ _________   ____  
2026-08-08T16:36:51.3793093Z  /  /_\  \\___   /  |  \_  __ \_/ __ \ 
2026-08-08T16:36:51.3793113Z /    |    \/    /|  |  /|  | \/\  ___/ 
2026-08-08T16:36:51.3793135Z \____|__  /_____ \____/ |__|    \___  >
2026-08-08T16:36:51.3793152Z         \/      \/                  \/ 
2026-08-08T16:36:51.3793169Z A P P   S E R V I C E   O N   L I N U X
2026-08-08T16:36:51.3793185Z 
2026-08-08T16:36:51.3793209Z Documentation    : http://aka.ms/webapp-linux
2026-08-08T16:36:51.3793235Z NodeJS quickstart: https://aka.ms/node-qs
2026-08-08T16:36:51.3793254Z NodeJS Version   : v22.22.2
2026-08-08T16:36:51.3793538Z Instance Name    : lw0sdlwk000AL4
2026-08-08T16:36:51.3793565Z Instance Id      : 3813442cbe21c5220c108b670f2bd0119da32cea98e46cf600e564dcf133ad26
2026-08-08T16:36:51.3793582Z 
2026-08-08T16:36:51.3793601Z Note: Any data outside '/home' is not persisted
2026-08-08T16:36:53.7430100Z Starting OpenBSD Secure Shell server: sshd.
2026-08-08T16:36:53.7630156Z WEBSITES_INCLUDE_CLOUD_CERTS is not set to true.
2026-08-08T16:36:53.8509664Z Updating certificates in /etc/ssl/certs...
2026-08-08T16:37:18.7901368Z rehash: warning: skipping duplicate certificate in azl_SSL.com_TLS_ECC_Root_CA_2022.pem
2026-08-08T16:37:18.8263642Z rehash: warning: skipping duplicate certificate in azl_SSL.com_TLS_RSA_Root_CA_2022.pem
2026-08-08T16:37:19.7931407Z rehash: warning: skipping ca-certificates.crt,it does not contain exactly one certificate or CRL
2026-08-08T16:37:20.0295149Z 4 added, 0 removed; done.
2026-08-08T16:37:20.0295839Z Running hooks in /etc/ca-certificates/update.d...
2026-08-08T16:37:20.0901190Z done.
2026-08-08T16:37:20.1702591Z CA certificates copied and updated successfully.
2026-08-08T16:37:20.7960673Z Starting periodic command scheduler: cron.
2026-08-08T16:37:21.1638937Z Could not find build manifest file at '/home/site/wwwroot/oryx-manifest.toml'
2026-08-08T16:37:21.1639460Z Could not find operation ID in manifest. Generating an operation id...
2026-08-08T16:37:21.1639498Z Build Operation ID: 61ff742d-b137-4a07-8a51-1aeacaa34c97
2026-08-08T16:37:22.7409718Z Environment Variables for Application Insight's IPA Codeless Configuration exists..
2026-08-08T16:37:22.7693547Z Writing output script to '/opt/startup/startup.sh'
2026-08-08T16:37:22.8677317Z Running #!/bin/sh
2026-08-08T16:37:22.8678239Z 
2026-08-08T16:37:22.8678288Z # Enter the source directory to make sure the script runs where the user expects
2026-08-08T16:37:22.8678317Z cd "/home/site/wwwroot"
2026-08-08T16:37:22.8678337Z 
2026-08-08T16:37:22.8678363Z export NODE_PATH=/usr/local/lib/node_modules:$NODE_PATH
2026-08-08T16:37:22.8678384Z if [ -z "$PORT" ]; then
2026-08-08T16:37:22.8678406Z 		export PORT=8080
2026-08-08T16:37:22.8678425Z fi
2026-08-08T16:37:22.8678447Z 
2026-08-08T16:37:22.8691695Z PATH="$PATH:/home/site/wwwroot" node server/dist/index.js
2026-08-08T16:37:44.4721591Z node:internal/modules/cjs/loader:1386
2026-08-08T16:37:44.5000593Z   throw err;
2026-08-08T16:37:44.5000666Z   ^
2026-08-08T16:37:44.5000685Z 
2026-08-08T16:37:44.5000706Z Error: Cannot find module '/home/site/wwwroot/server/dist/index.js'
2026-08-08T16:37:44.5000732Z     at Function._resolveFilename (node:internal/modules/cjs/loader:1383:15)
2026-08-08T16:37:44.5000754Z     at defaultResolveImpl (node:internal/modules/cjs/loader:1025:19)
2026-08-08T16:37:44.5000777Z     at resolveForCJSWithHooks (node:internal/modules/cjs/loader:1030:22)
2026-08-08T16:37:44.5000797Z     at Function._load (node:internal/modules/cjs/loader:1192:37)
2026-08-08T16:37:44.5000817Z     at TracingChannel.traceSync (node:diagnostics_channel:328:14)
2026-08-08T16:37:44.5000836Z     at wrapModuleLoad (node:internal/modules/cjs/loader:237:24)
2026-08-08T16:37:44.5000865Z     at Function.executeUserEntryPoint [as runMain] (node:internal/modules/run_main:171:5)
2026-08-08T16:37:44.5000889Z     at node:internal/main/run_main_module:36:49 {
2026-08-08T16:37:44.5000993Z   code: 'MODULE_NOT_FOUND',
2026-08-08T16:37:44.5001011Z   requireStack: []
2026-08-08T16:37:44.5001028Z }
2026-08-08T16:37:44.5001044Z 
2026-08-08T16:37:44.5001062Z Node.js v22.22.2
2026-08-08T16:40:27.9585622Z    _____                               
2026-08-08T16:40:27.9586173Z   /  _  \ __________ _________   ____  
2026-08-08T16:40:27.9586206Z  /  /_\  \\___   /  |  \_  __ \_/ __ \ 
2026-08-08T16:40:27.9586237Z /    |    \/    /|  |  /|  | \/\  ___/ 
2026-08-08T16:40:27.9586264Z \____|__  /_____ \____/ |__|    \___  >
2026-08-08T16:40:27.9586285Z         \/      \/                  \/ 
2026-08-08T16:40:27.9586305Z A P P   S E R V I C E   O N   L I N U X
2026-08-08T16:40:27.9586325Z 
2026-08-08T16:40:27.9586444Z Documentation    : http://aka.ms/webapp-linux
2026-08-08T16:40:27.9586466Z NodeJS quickstart: https://aka.ms/node-qs
2026-08-08T16:40:27.9586489Z NodeJS Version   : v22.22.2
2026-08-08T16:40:27.9586509Z Instance Name    : lw0sdlwk000AL4
2026-08-08T16:40:27.9586533Z Instance Id      : 3813442cbe21c5220c108b670f2bd0119da32cea98e46cf600e564dcf133ad26
2026-08-08T16:40:27.9586552Z 
2026-08-08T16:40:27.9586573Z Note: Any data outside '/home' is not persisted
2026-08-08T16:40:29.6297843Z Starting OpenBSD Secure Shell server: sshd.
2026-08-08T16:40:29.6667402Z WEBSITES_INCLUDE_CLOUD_CERTS is not set to true.
2026-08-08T16:40:29.8652163Z Updating certificates in /etc/ssl/certs...
2026-08-08T16:40:52.7827253Z rehash: warning: skipping duplicate certificate in azl_SSL.com_TLS_ECC_Root_CA_2022.pem
2026-08-08T16:40:52.7860898Z rehash: warning: skipping duplicate certificate in azl_SSL.com_TLS_RSA_Root_CA_2022.pem
2026-08-08T16:40:53.0397594Z rehash: warning: skipping ca-certificates.crt,it does not contain exactly one certificate or CRL
2026-08-08T16:40:53.0892842Z 4 added, 0 removed; done.
2026-08-08T16:40:53.0905579Z Running hooks in /etc/ca-certificates/update.d...
2026-08-08T16:40:53.1178929Z done.
2026-08-08T16:40:53.1460726Z CA certificates copied and updated successfully.
2026-08-08T16:40:53.3524902Z Starting periodic command scheduler: cron.
2026-08-08T16:40:53.5784782Z Could not find build manifest file at '/home/site/wwwroot/oryx-manifest.toml'
2026-08-08T16:40:53.5880811Z Could not find operation ID in manifest. Generating an operation id...
2026-08-08T16:40:53.5880919Z Build Operation ID: 406d0413-fb25-480d-9581-f4626195f335
2026-08-08T16:40:54.1641386Z Environment Variables for Application Insight's IPA Codeless Configuration exists..
2026-08-08T16:40:54.1840796Z Writing output script to '/opt/startup/startup.sh'
2026-08-08T16:40:54.2449440Z Running #!/bin/sh
2026-08-08T16:40:54.2449942Z 
2026-08-08T16:40:54.2449980Z # Enter the source directory to make sure the script runs where the user expects
2026-08-08T16:40:54.2449999Z cd "/home/site/wwwroot"
2026-08-08T16:40:54.2450014Z 
2026-08-08T16:40:54.2450145Z export NODE_PATH=/usr/local/lib/node_modules:$NODE_PATH
2026-08-08T16:40:54.2450176Z if [ -z "$PORT" ]; then
2026-08-08T16:40:54.2450200Z 		export PORT=8080
2026-08-08T16:40:54.2450217Z fi
2026-08-08T16:40:54.2450232Z 
2026-08-08T16:40:54.2631186Z PATH="$PATH:/home/site/wwwroot" node server/dist/index.js
2026-08-08T16:41:08.9201310Z ✅ Connected to Azure SQL (whiskyclubdb)
2026-08-08T16:41:08.9894964Z 🥃 Whisky Guild API on http://localhost:8080
