2026-06-20T19:24:07.8852029Z,Updating submodules.,961de3c6-665e-49da-b3a4-c9a24680fd94,0
2026-06-20T19:24:09.0354114Z,Preparing deployment for commit id 'e417f556-3'.,b92bd14d-d813-443b-a7f3-1671b0d11fb3,0
2026-06-20T19:24:09.3940392Z,PreDeployment: context.CleanOutputPath False,fb7a90f3-7eb8-4ea2-9d5c-d83a1ac0f06d,0
2026-06-20T19:24:09.5105684Z,PreDeployment: context.OutputPath /home/site/wwwroot,070470d2-15e7-49c5-b81d-08f46b71a860,0
2026-06-20T19:24:09.6474158Z,Repository path is /tmp/zipdeploy/extracted,21224e6b-fce3-4f7b-983c-59e6f586bd5f,0
2026-06-20T19:24:09.7474597Z,Running oryx build...,fd94d0cd-031a-41df-a983-fdd3c274dd37,0
	2026-06-20T19:24:09.7509807Z,Command: oryx build /tmp/zipdeploy/extracted -o /home/site/wwwroot --platform nodejs --platform-version 22 -p virtualenv_name= --log-file /tmp/build-debug.log  -i /tmp/8decf018094d918 -p compress_node_modules=tar-gz | tee /tmp/oryx-build.log,,0
	2026-06-20T19:24:11.7457889Z,Operation performed by Microsoft Oryx&comma; https://github.com/Microsoft/Oryx,,0
	2026-06-20T19:24:11.7780060Z,You can report issues at https://github.com/Microsoft/Oryx/issues,,0
	2026-06-20T19:24:11.8073648Z,,,0
	2026-06-20T19:24:11.9058623Z,Oryx Version: 0.2.20260513.1+5c94136d0d5c06204a00d688dc7aea902452e52c&comma; Commit: 5c94136d0d5c06204a00d688dc7aea902452e52c&comma; ReleaseTagName: 20260513.1,,0
	2026-06-20T19:24:11.9561980Z,,,0
	2026-06-20T19:24:11.9972717Z,Build Operation ID: 9d0b05dfa91f35cf,,0
	2026-06-20T19:24:12.0196359Z,Repository Commit : e417f556-3ffb-43cb-9f55-5ed9839702d3,,0
	2026-06-20T19:24:12.0468589Z,OS Type           : bookworm,,0
	2026-06-20T19:24:12.0870730Z,Image Type        : githubactions,,0
	2026-06-20T19:24:12.1285726Z,,,0
	2026-06-20T19:24:12.1588390Z,Primary SDK Storage URL: https://oryx-cdn.microsoft.io,,0
	2026-06-20T19:24:12.1792519Z,Backup SDK Storage URL: ,,0
	2026-06-20T19:24:12.2379913Z,ACR SDK Registry URL: (not set),,0
	2026-06-20T19:24:12.2686651Z,SDK provider status:,,0
	2026-06-20T19:24:12.3182248Z,  External ACR SDK provider: Enabled,,0
	2026-06-20T19:24:12.3513068Z,  External SDK provider: Enabled,,0
	2026-06-20T19:24:12.4201134Z,  Direct ACR SDK provider: Disabled,,0
	2026-06-20T19:24:12.4497236Z,  Blob SDK provider: Enabled,,0
	2026-06-20T19:24:12.4920629Z,External ACR SDK provider is enabled. Only using user-specified platform: nodejs,,0
	2026-06-20T19:24:12.6112982Z,Detecting platforms...,,0
	2026-06-20T19:24:14.2664228Z,External ACR provider resolved version '22.22.2' for nodejs.,,0
	2026-06-20T19:24:14.2970300Z,Version resolved using external ACR SDK provider.,,0
	2026-06-20T19:24:14.3870579Z,Detected following platforms:,,0
	2026-06-20T19:24:14.4069266Z,  nodejs: 22.22.2,,0
	2026-06-20T19:24:14.6787510Z,Detected the following frameworks: Typescript&comma;Express,,0
	2026-06-20T19:24:15.3007458Z,,,0
	2026-06-20T19:24:15.4210850Z,Using intermediate directory '/tmp/8decf018094d918'.,,0
	2026-06-20T19:24:15.4498781Z,,,0
	2026-06-20T19:24:15.4794003Z,Copying files to the intermediate directory...,,0
	2026-06-20T19:24:34.3424780Z,Copying files to intermediate directory done in 19 sec(s).,,0
	2026-06-20T19:24:34.4124432Z,,,0
	2026-06-20T19:24:34.4434889Z,Source directory     : /tmp/8decf018094d918,,0
	2026-06-20T19:24:34.5724677Z,Destination directory: /home/site/wwwroot,,0
	2026-06-20T19:24:34.6444174Z,,,0
	2026-06-20T19:24:34.9747294Z,Running build script snippets...,,0
	2026-06-20T19:24:35.0245266Z,Removing existing manifest file,,0
	2026-06-20T19:24:35.0754300Z,Creating directory for command manifest file if it does not exist,,0
	2026-06-20T19:24:35.1268172Z,Creating a manifest file...,,0
	2026-06-20T19:24:35.1840118Z,Node Build Command Manifest file created.,,0
	2026-06-20T19:24:35.2241421Z,,,0
	2026-06-20T19:24:35.2668437Z,Using Node version:,,0
	2026-06-20T19:24:35.4296244Z,v22.22.2,,0
	2026-06-20T19:24:35.4663577Z,,,0
	2026-06-20T19:24:35.5484996Z,Using Npm version:,,0
	2026-06-20T19:24:36.4507902Z,10.9.7,,0
	2026-06-20T19:24:36.5115943Z,,,0
	2026-06-20T19:24:36.5313611Z,Running 'npm install'...,,0
	2026-06-20T19:24:36.5725676Z,,,0
	2026-06-20T19:24:51.4350478Z,npm warn deprecated inflight@1.0.6: This module is not supported&comma; and leaks memory. Do not use it. Check out lru-cache if you want a good and tested way to coalesce async requests by a key value&comma; which is much more comprehensive and powerful.,,1
	2026-06-20T19:24:51.8055372Z,npm warn deprecated rimraf@2.7.1: Rimraf versions prior to v4 are no longer supported,,1
	2026-06-20T19:24:52.1344179Z,npm warn deprecated glob@7.2.3: Old versions of glob are not supported&comma; and contain widely publicized security vulnerabilities&comma; which have been fixed in the current version. Please update. Support for old versions may be purchased (at exorbitant rates) by contacting i@izs.me,,1
	2026-06-20T19:25:15.2789918Z,,,0
	2026-06-20T19:25:15.3113309Z,added 232 packages&comma; and audited 233 packages in 38s,,0
	2026-06-20T19:25:15.3493229Z,,,0
	2026-06-20T19:25:15.4000356Z,55 packages are looking for funding,,0
	2026-06-20T19:25:15.4284840Z,  run `npm fund` for details,,0
	2026-06-20T19:25:15.4997194Z,,,0
	2026-06-20T19:25:15.5617095Z,1 high severity vulnerability,,0
	2026-06-20T19:25:15.6018119Z,,,0
	2026-06-20T19:25:15.6597509Z,To address all issues&comma; run:,,0
	2026-06-20T19:25:15.7020654Z,  npm audit fix,,0
	2026-06-20T19:25:15.7592555Z,,,0
	2026-06-20T19:25:15.8206366Z,Run `npm audit` for details.,,0
	2026-06-20T19:25:15.8697464Z,,,0
	2026-06-20T19:25:15.9120691Z,Running 'npm run build'...,,0
	2026-06-20T19:25:15.9526050Z,,,0
	2026-06-20T19:25:16.8356766Z,,,0
	2026-06-20T19:25:16.8663881Z,> server@1.0.0 build,,0
	2026-06-20T19:25:16.9072869Z,> npm --prefix client install && npm --prefix client run build && tsc,,0
	2026-06-20T19:25:16.9472852Z,,,0
	2026-06-20T19:25:29.3063412Z,npm warn deprecated glob@11.1.0: Old versions of glob are not supported&comma; and contain widely publicized security vulnerabilities&comma; which have been fixed in the current version. Please update. Support for old versions may be purchased (at exorbitant rates) by contacting i@izs.me,,1
	2026-06-20T19:25:34.1175670Z,,,0
	2026-06-20T19:25:34.1482170Z,added 3 packages&comma; changed 22 packages&comma; and audited 458 packages in 17s,,0
	2026-06-20T19:25:34.1675313Z,,,0
	2026-06-20T19:25:34.1892202Z,134 packages are looking for funding,,0
	2026-06-20T19:25:34.2268348Z,  run `npm fund` for details,,0
	2026-06-20T19:25:34.2664146Z,,,0
	2026-06-20T19:25:34.2955760Z,2 vulnerabilities (1 moderate&comma; 1 high),,0
	2026-06-20T19:25:34.3433250Z,,,0
	2026-06-20T19:25:34.3659816Z,To address all issues&comma; run:,,0
	2026-06-20T19:25:34.3919994Z,  npm audit fix,,0
	2026-06-20T19:25:34.4193746Z,,,0
	2026-06-20T19:25:34.4383367Z,Run `npm audit` for details.,,0
	2026-06-20T19:25:36.6752590Z,,,0
	2026-06-20T19:25:36.7629590Z,> client@0.0.0 build,,0
	2026-06-20T19:25:36.9060735Z,> tsc -b && vite build,,0
	2026-06-20T19:25:37.0665232Z,,,0
	2026-06-20T19:26:54.0205803Z,vite v8.0.14 building client environment for production...,,0
	2026-06-20T19:26:54.1523731Z,[2K,,0
	2026-06-20T19:26:58.4822210Z,transforming...✓ 225 modules transformed.,,0
	2026-06-20T19:27:01.7507674Z,rendering chunks...,,0
	2026-06-20T19:27:08.5777377Z,computing gzip size...,,0
	2026-06-20T19:27:09.0503024Z,dist/registerSW.js                     0.13 kB,,0
	2026-06-20T19:27:09.0660020Z,dist/manifest.webmanifest              0.35 kB,,0
	2026-06-20T19:27:09.1053959Z,dist/index.html                        0.85 kB │ gzip:   0.46 kB,,0
	2026-06-20T19:27:09.1543606Z,dist/assets/index-DWOAkynE.css         3.24 kB │ gzip:   1.33 kB,,0
	2026-06-20T19:27:09.1858106Z,dist/assets/purify.es-6-uFcs4-.js     24.94 kB │ gzip:   9.78 kB,,0
	2026-06-20T19:27:09.2247657Z,dist/assets/index.es-BVfz0W8c.js     151.38 kB │ gzip:  48.88 kB,,0
	2026-06-20T19:27:09.2368922Z,dist/assets/html2canvas-BrMFkw2U.js  199.56 kB │ gzip:  46.78 kB,,0
	2026-06-20T19:27:09.2756816Z,dist/assets/index-eRd75lO7.js        717.76 kB │ gzip: 223.99 kB,,0
	2026-06-20T19:27:09.3146382Z,,,0
	2026-06-20T19:27:09.3257057Z,✓ built in 14.99s,,0
	2026-06-20T19:27:09.7965157Z,[plugin builtin:vite-reporter] ,,1
	2026-06-20T19:27:09.8582341Z,(!) Some chunks are larger than 500 kB after minification. Consider:,,1
	2026-06-20T19:27:09.9749072Z,- Using dynamic import() to code-split the application,,1
	2026-06-20T19:27:10.0126141Z,- Use build.rolldownOptions.output.codeSplitting to improve chunking: https://rolldown.rs/reference/OutputOptions.codeSplitting,,1
	2026-06-20T19:27:10.0635904Z,- Adjust chunk size limit for this warning via build.chunkSizeWarningLimit.,,1
	2026-06-20T19:28:15.9501534Z,PWA v1.3.0,,0
	2026-06-20T19:28:16.1906594Z,mode      generateSW,,0
	2026-06-20T19:28:16.2395055Z,precache  10 entries (1072.16 KiB),,0
	2026-06-20T19:28:16.3300150Z,files generated,,0
	2026-06-20T19:28:16.3828417Z,  dist/sw.js,,0
	2026-06-20T19:28:16.4409891Z,  dist/workbox-abeb32eb.js,,0
	2026-06-20T19:28:38.7958362Z,,,0
	2026-06-20T19:28:38.8764631Z,Zipping existing node_modules folder...,,0
	2026-06-20T19:28:55.7672511Z,Done in 17 sec(s).,,0
	2026-06-20T19:28:55.8047810Z,Build script snippets done in 261 sec(s).,,0
	2026-06-20T19:28:55.8267188Z,Preparing output...,,0
	2026-06-20T19:28:55.8560944Z,Using standard output preparation...,,0
	2026-06-20T19:28:55.8857611Z,,,0
	2026-06-20T19:28:55.9171872Z,Copying files to destination directory '/home/site/wwwroot'...,,0
	2026-06-20T19:29:51.5983190Z,Copying to destination directory done in 56 sec(s).,,0
	2026-06-20T19:29:51.6812810Z,Total time for destination directory preparation done in 56 sec(s).,,0
	2026-06-20T19:29:51.7225515Z,,,0
	2026-06-20T19:29:51.7638360Z,Removing existing manifest file,,0
	2026-06-20T19:29:51.7719219Z,Creating a manifest file...,,0
	2026-06-20T19:29:51.8239411Z,Manifest file created.,,0
	2026-06-20T19:29:51.8822359Z,Copying .ostype to manifest output directory.,,0
	2026-06-20T19:29:51.9239310Z,,,0
	2026-06-20T19:29:51.9514991Z,Total execution done in 336 sec(s).,,0
2026-06-20T19:29:52.8355047Z,Running post deployment command(s)...,855d386e-bbdd-4758-a548-d95ea3da6d82,0
2026-06-20T19:29:52.9455492Z,,30d87b22-fd01-4681-98ba-4dbe72198c58,0
2026-06-20T19:29:53.0340774Z,Generating summary of Oryx build,2fb734d0-7468-4555-a825-09c4e4d337b5,0
2026-06-20T19:29:53.1630488Z,Parsing the build logs,5becd398-41f9-44a8-8e34-6cbcf7570a5c,0
2026-06-20T19:29:53.3161604Z,Found 0 issue(s),4dd734a9-1247-48ea-a8ea-3734b4b6398c,0
2026-06-20T19:29:53.4273640Z,,90b2e907-5e04-46d5-bc39-c14a90408d52,0
2026-06-20T19:29:53.5296621Z,Build Summary :,d9963456-e41a-437a-863e-a58f5977464d,0
2026-06-20T19:29:53.6450138Z,===============,70863d46-82db-4405-9c60-b95e114a8102,0
2026-06-20T19:29:53.7284510Z,Errors (0),897bc03f-681c-43ff-872e-dfe9e831fb8c,0
2026-06-20T19:29:53.8254813Z,Warnings (0),62a453c3-3a39-42f1-9cab-e48f1ef96978,0
2026-06-20T19:29:53.9219700Z,,0c3b2d8c-2847-4013-93ec-be59c5763bae,0
2026-06-20T19:29:54.0492605Z,Triggering container recycle for OneDeploy by adding/updating restartTrigger.txt to the site root path,113b6833-54e9-4d96-a715-e76230a54293,0
2026-06-20T19:29:54.1974928Z,Deployment successful. deployer = OneDeploy deploymentPath = OneDeploy,69948564-435b-4ad8-9154-6af78b6e63f0,0
