2026-06-21T08:44:19.3455905Z,Updating submodules.,2e30be51-c4de-4702-b03a-77eb10199cce,0
2026-06-21T08:44:20.4702960Z,Preparing deployment for commit id '087bbdce-d'.,7e37725c-cc0c-45cb-879d-7dd22a3650c7,0
2026-06-21T08:44:20.9398491Z,PreDeployment: context.CleanOutputPath False,332ae520-9dfb-43a2-a599-cc3dbd21f784,0
2026-06-21T08:44:21.0498073Z,PreDeployment: context.OutputPath /home/site/wwwroot,d8017b63-ae52-448f-9413-b4d43bd0177b,0
2026-06-21T08:44:21.1723056Z,Repository path is /tmp/zipdeploy/extracted,4805325b-4174-4e6d-be41-f9ca710d747b,0
2026-06-21T08:44:21.2674481Z,Running oryx build...,6f54c877-20e3-4928-8f9b-a2dd52f89d98,0
	2026-06-21T08:44:21.2705597Z,Command: oryx build /tmp/zipdeploy/extracted -o /home/site/wwwroot --platform nodejs --platform-version 22 -p virtualenv_name= --log-file /tmp/build-debug.log  -i /tmp/8decf7149acb66a -p compress_node_modules=tar-gz | tee /tmp/oryx-build.log,,0
	2026-06-21T08:44:23.5839620Z,Operation performed by Microsoft Oryx&comma; https://github.com/Microsoft/Oryx,,0
	2026-06-21T08:44:23.6336025Z,You can report issues at https://github.com/Microsoft/Oryx/issues,,0
	2026-06-21T08:44:23.7043377Z,,,0
	2026-06-21T08:44:23.7547218Z,Oryx Version: 0.2.20260513.1+5c94136d0d5c06204a00d688dc7aea902452e52c&comma; Commit: 5c94136d0d5c06204a00d688dc7aea902452e52c&comma; ReleaseTagName: 20260513.1,,0
	2026-06-21T08:44:23.7666944Z,,,0
	2026-06-21T08:44:23.8452150Z,Build Operation ID: 3f0e555d8d282e02,,0
	2026-06-21T08:44:23.8655425Z,Repository Commit : 087bbdce-d6b0-4fd2-ba04-894753bcb3e2,,0
	2026-06-21T08:44:23.9549083Z,OS Type           : bookworm,,0
	2026-06-21T08:44:24.0062316Z,Image Type        : githubactions,,0
	2026-06-21T08:44:24.0557677Z,,,0
	2026-06-21T08:44:24.0864356Z,Primary SDK Storage URL: https://oryx-cdn.microsoft.io,,0
	2026-06-21T08:44:24.1085570Z,Backup SDK Storage URL: ,,0
	2026-06-21T08:44:24.2075682Z,ACR SDK Registry URL: (not set),,0
	2026-06-21T08:44:24.2591631Z,SDK provider status:,,0
	2026-06-21T08:44:24.3198064Z,  External ACR SDK provider: Enabled,,0
	2026-06-21T08:44:24.3884607Z,  External SDK provider: Enabled,,0
	2026-06-21T08:44:24.4475016Z,  Direct ACR SDK provider: Disabled,,0
	2026-06-21T08:44:24.5095841Z,  Blob SDK provider: Enabled,,0
	2026-06-21T08:44:24.5778039Z,External ACR SDK provider is enabled. Only using user-specified platform: nodejs,,0
	2026-06-21T08:44:24.6191214Z,Detecting platforms...,,0
	2026-06-21T08:44:26.0172013Z,External ACR provider resolved version '22.22.2' for nodejs.,,0
	2026-06-21T08:44:26.0648451Z,Version resolved using external ACR SDK provider.,,0
	2026-06-21T08:44:26.1555879Z,Detected following platforms:,,0
	2026-06-21T08:44:26.1849886Z,  nodejs: 22.22.2,,0
	2026-06-21T08:44:26.4951316Z,Detected the following frameworks: Typescript&comma;Express,,0
	2026-06-21T08:44:27.0395272Z,,,0
	2026-06-21T08:44:27.1620668Z,Using intermediate directory '/tmp/8decf7149acb66a'.,,0
	2026-06-21T08:44:27.2004221Z,,,0
	2026-06-21T08:44:27.2310204Z,Copying files to the intermediate directory...,,0
	2026-06-21T08:44:45.3196744Z,Copying files to intermediate directory done in 18 sec(s).,,0
	2026-06-21T08:44:45.3986951Z,,,0
	2026-06-21T08:44:45.4470200Z,Source directory     : /tmp/8decf7149acb66a,,0
	2026-06-21T08:44:45.5169368Z,Destination directory: /home/site/wwwroot,,0
	2026-06-21T08:44:45.5553797Z,,,0
	2026-06-21T08:44:45.7672086Z,Running build script snippets...,,0
	2026-06-21T08:44:45.8042277Z,Removing existing manifest file,,0
	2026-06-21T08:44:45.8650668Z,Creating directory for command manifest file if it does not exist,,0
	2026-06-21T08:44:45.9553725Z,Creating a manifest file...,,0
	2026-06-21T08:44:45.9864642Z,Node Build Command Manifest file created.,,0
	2026-06-21T08:44:46.0247730Z,,,0
	2026-06-21T08:44:46.0543068Z,Using Node version:,,0
	2026-06-21T08:44:46.3339245Z,v22.22.2,,0
	2026-06-21T08:44:46.3675159Z,,,0
	2026-06-21T08:44:46.4570624Z,Using Npm version:,,0
	2026-06-21T08:44:47.4357369Z,10.9.7,,0
	2026-06-21T08:44:47.5192333Z,,,0
	2026-06-21T08:44:47.5366926Z,Running 'npm install'...,,0
	2026-06-21T08:44:47.5553561Z,,,0
	2026-06-21T08:45:05.8562487Z,npm warn deprecated inflight@1.0.6: This module is not supported&comma; and leaks memory. Do not use it. Check out lru-cache if you want a good and tested way to coalesce async requests by a key value&comma; which is much more comprehensive and powerful.,,1
	2026-06-21T08:45:06.0953291Z,npm warn deprecated rimraf@2.7.1: Rimraf versions prior to v4 are no longer supported,,1
	2026-06-21T08:45:06.5287052Z,npm warn deprecated glob@7.2.3: Old versions of glob are not supported&comma; and contain widely publicized security vulnerabilities&comma; which have been fixed in the current version. Please update. Support for old versions may be purchased (at exorbitant rates) by contacting i@izs.me,,1
	2026-06-21T08:45:25.3303232Z,,,0
	2026-06-21T08:45:25.3781140Z,added 232 packages&comma; and audited 233 packages in 37s,,0
	2026-06-21T08:45:25.3880124Z,,,0
	2026-06-21T08:45:25.4169229Z,55 packages are looking for funding,,0
	2026-06-21T08:45:25.4752785Z,  run `npm fund` for details,,0
	2026-06-21T08:45:25.5176686Z,,,0
	2026-06-21T08:45:25.5677055Z,1 high severity vulnerability,,0
	2026-06-21T08:45:25.6161967Z,,,0
	2026-06-21T08:45:25.6403342Z,To address all issues&comma; run:,,0
	2026-06-21T08:45:25.6557462Z,  npm audit fix,,0
	2026-06-21T08:45:25.6779955Z,,,0
	2026-06-21T08:45:25.6976919Z,Run `npm audit` for details.,,0
	2026-06-21T08:45:25.7158160Z,,,0
	2026-06-21T08:45:25.7282371Z,Running 'npm run build'...,,0
	2026-06-21T08:45:25.7389970Z,,,0
	2026-06-21T08:45:26.5993099Z,,,0
	2026-06-21T08:45:26.6136466Z,> server@1.0.0 build,,0
	2026-06-21T08:45:26.6409242Z,> npm --prefix client install && npm --prefix client run build && tsc,,0
	2026-06-21T08:45:26.6733071Z,,,0
	2026-06-21T08:45:38.7386349Z,npm warn deprecated glob@11.1.0: Old versions of glob are not supported&comma; and contain widely publicized security vulnerabilities&comma; which have been fixed in the current version. Please update. Support for old versions may be purchased (at exorbitant rates) by contacting i@izs.me,,1
	2026-06-21T08:45:42.6095667Z,,,0
	2026-06-21T08:45:42.6463334Z,added 3 packages&comma; changed 22 packages&comma; and audited 458 packages in 15s,,0
	2026-06-21T08:45:42.6759328Z,,,0
	2026-06-21T08:45:42.7162749Z,134 packages are looking for funding,,0
	2026-06-21T08:45:42.7555221Z,  run `npm fund` for details,,0
	2026-06-21T08:45:42.7767662Z,,,0
	2026-06-21T08:45:42.8070489Z,2 vulnerabilities (1 moderate&comma; 1 high),,0
	2026-06-21T08:45:42.8763677Z,,,0
	2026-06-21T08:45:42.9468403Z,To address all issues&comma; run:,,0
	2026-06-21T08:45:42.9795177Z,  npm audit fix,,0
	2026-06-21T08:45:43.0282414Z,,,0
	2026-06-21T08:45:43.0595669Z,Run `npm audit` for details.,,0
	2026-06-21T08:45:43.5722493Z,,,0
	2026-06-21T08:45:43.6128271Z,> client@0.0.0 build,,0
	2026-06-21T08:45:43.6307479Z,> tsc -b && vite build,,0
	2026-06-21T08:45:43.6932689Z,,,0
	2026-06-21T08:46:26.8042329Z,vite v8.0.14 building client environment for production...,,0
	2026-06-21T08:46:26.8453583Z,[2K,,0
	2026-06-21T08:46:28.6555280Z,transforming...✓ 225 modules transformed.,,0
	2026-06-21T08:46:29.4794404Z,rendering chunks...,,0
	2026-06-21T08:46:30.9661612Z,computing gzip size...,,0
	2026-06-21T08:46:31.1069758Z,dist/registerSW.js                     0.13 kB,,0
	2026-06-21T08:46:31.1171683Z,[33m[PLUGIN_TIMINGS] [0mYour build spent significant time in plugin `vite:css-post`. See https://rolldown.rs/options/checks#plugintimings for more details.,,1
	2026-06-21T08:46:31.1479345Z,dist/manifest.webmanifest              0.35 kB,,0
	2026-06-21T08:46:31.1779218Z,dist/index.html                        0.85 kB │ gzip:   0.46 kB,,0
	2026-06-21T08:46:31.1797340Z,,,1
	2026-06-21T08:46:31.2284303Z,dist/assets/index-DWOAkynE.css         3.24 kB │ gzip:   1.33 kB,,0
	2026-06-21T08:46:31.2501920Z,[plugin builtin:vite-reporter] ,,1
	2026-06-21T08:46:31.2812903Z,dist/assets/purify.es-6-uFcs4-.js     24.94 kB │ gzip:   9.78 kB,,0
	2026-06-21T08:46:31.3100100Z,(!) Some chunks are larger than 500 kB after minification. Consider:,,1
	2026-06-21T08:46:31.3406256Z,dist/assets/index.es-DrgGJA30.js     151.38 kB │ gzip:  48.88 kB,,0
	2026-06-21T08:46:31.3801715Z,- Using dynamic import() to code-split the application,,1
	2026-06-21T08:46:31.4120394Z,dist/assets/html2canvas-cbqFnsgk.js  199.56 kB │ gzip:  46.78 kB,,0
	2026-06-21T08:46:31.4515299Z,- Use build.rolldownOptions.output.codeSplitting to improve chunking: https://rolldown.rs/reference/OutputOptions.codeSplitting,,1
	2026-06-21T08:46:31.5201277Z,dist/assets/index-B2iK7LUA.js        718.22 kB │ gzip: 224.12 kB,,0
	2026-06-21T08:46:31.5403517Z,- Adjust chunk size limit for this warning via build.chunkSizeWarningLimit.,,1
	2026-06-21T08:46:31.5596173Z,,,0
	2026-06-21T08:46:31.5921792Z,✓ built in 4.56s,,0
	2026-06-21T08:46:49.1471319Z,PWA v1.3.0,,0
	2026-06-21T08:46:49.1701930Z,mode      generateSW,,0
	2026-06-21T08:46:49.2092048Z,precache  10 entries (1072.61 KiB),,0
	2026-06-21T08:46:49.2506317Z,files generated,,0
	2026-06-21T08:46:49.2981148Z,  dist/sw.js,,0
	2026-06-21T08:46:49.3812622Z,  dist/workbox-abeb32eb.js,,0
	2026-06-21T08:47:14.7495367Z,,,0
	2026-06-21T08:47:14.8986663Z,Zipping existing node_modules folder...,,0
	2026-06-21T08:47:47.5827806Z,Done in 33 sec(s).,,0
	2026-06-21T08:47:47.6422651Z,Build script snippets done in 182 sec(s).,,0
	2026-06-21T08:47:47.7016482Z,Preparing output...,,0
	2026-06-21T08:47:47.7430743Z,Using standard output preparation...,,0
	2026-06-21T08:47:47.7530166Z,,,0
	2026-06-21T08:47:47.7838655Z,Copying files to destination directory '/home/site/wwwroot'...,,0
	2026-06-21T08:50:34.2235127Z,Copying to destination directory done in 167 sec(s).,,0
	2026-06-21T08:50:34.2398293Z,Total time for destination directory preparation done in 167 sec(s).,,0
	2026-06-21T08:50:34.3007108Z,,,0
	2026-06-21T08:50:34.3221495Z,Removing existing manifest file,,0
	2026-06-21T08:50:34.3407307Z,Creating a manifest file...,,0
	2026-06-21T08:50:34.3905556Z,Manifest file created.,,0
	2026-06-21T08:50:34.4417840Z,Copying .ostype to manifest output directory.,,0
	2026-06-21T08:50:34.5309214Z,,,0
	2026-06-21T08:50:34.5531267Z,Total execution done in 367 sec(s).,,0
2026-06-21T08:50:35.3000813Z,Running post deployment command(s)...,68eaa458-75ea-4eca-9ece-bff79c60695f,0
2026-06-21T08:50:35.4172860Z,,705494d7-0a1b-4b7f-a968-aeaaef1181bc,0
2026-06-21T08:50:35.5153868Z,Generating summary of Oryx build,34446046-b954-4fdf-8c70-b8c1b14f4947,0
2026-06-21T08:50:35.6579826Z,Parsing the build logs,50e559df-03ee-4ff0-b49d-d83953c307c5,0
2026-06-21T08:50:35.7714658Z,Found 0 issue(s),370ea4d5-1030-447e-8e2e-b4f027e44e49,0
2026-06-21T08:50:35.8910640Z,,12bc47d0-3d3e-47a8-82df-d7ad61f5e6e5,0
2026-06-21T08:50:35.9830907Z,Build Summary :,9b15cd17-e8a8-4baf-965d-db05b223c350,0
2026-06-21T08:50:36.0923818Z,===============,184d31fe-2cb0-42e2-8162-17d6b2c5e75b,0
2026-06-21T08:50:36.1873997Z,Errors (0),a75b9d29-2e3c-4651-aed1-bff70450b668,0
2026-06-21T08:50:36.2868786Z,Warnings (0),8354734c-db3c-466d-987d-570113c9b788,0
2026-06-21T08:50:36.3962450Z,,2c8003d6-3cf3-4919-b584-a3f6c5d22d77,0
2026-06-21T08:50:36.5138074Z,Triggering container recycle for OneDeploy by adding/updating restartTrigger.txt to the site root path,d01941b7-847e-47a9-ab37-1e48b2689bba,0
2026-06-21T08:50:36.6702306Z,Deployment successful. deployer = OneDeploy deploymentPath = OneDeploy,500a187b-6882-404f-a4b0-6dce4380c425,0
